Archive member included to satisfy reference by file (symbol)

c:/program files (x86)/atollic/truestudio for stm32 9.3.0/armtools/bin/../lib/gcc/arm-atollic-eabi/6.3.1/../../../../arm-atollic-eabi/lib/armv6-m\libc_nano.a(lib_a-init.o)
                              cmsis\device\src\startup_stm32f072xb.o (__libc_init_array)
c:/program files (x86)/atollic/truestudio for stm32 9.3.0/armtools/bin/../lib/gcc/arm-atollic-eabi/6.3.1/../../../../arm-atollic-eabi/lib/armv6-m\libc_nano.a(lib_a-memcpy-stub.o)
                              FreeRTOS\queue.o (memcpy)
c:/program files (x86)/atollic/truestudio for stm32 9.3.0/armtools/bin/../lib/gcc/arm-atollic-eabi/6.3.1/../../../../arm-atollic-eabi/lib/armv6-m\libc_nano.a(lib_a-memset.o)
                              FreeRTOS\stream_buffer.o (memset)
c:/program files (x86)/atollic/truestudio for stm32 9.3.0/armtools/bin/../lib/gcc/arm-atollic-eabi/6.3.1/../../../../arm-atollic-eabi/lib/armv6-m\libc_nano.a(lib_a-strlen.o)
                              TraceRecorder\TraceRecorder\streamports\Jlink_RTT\SEGGER_RTT.o (strlen)
c:/program files (x86)/atollic/truestudio for stm32 9.3.0/armtools/bin/../lib/gcc/arm-atollic-eabi/6.3.1/armv6-m\libgcc.a(_udivsi3.o)
                              FreeRTOS\queue.o (__aeabi_uidiv)
c:/program files (x86)/atollic/truestudio for stm32 9.3.0/armtools/bin/../lib/gcc/arm-atollic-eabi/6.3.1/armv6-m\libgcc.a(_divsi3.o)
                              TraceRecorder\TraceRecorder\trcKernelPort.o (__aeabi_idivmod)
c:/program files (x86)/atollic/truestudio for stm32 9.3.0/armtools/bin/../lib/gcc/arm-atollic-eabi/6.3.1/armv6-m\libgcc.a(_dvmd_tls.o)
                              c:/program files (x86)/atollic/truestudio for stm32 9.3.0/armtools/bin/../lib/gcc/arm-atollic-eabi/6.3.1/armv6-m\libgcc.a(_udivsi3.o) (__aeabi_idiv0)

Allocating common symbols
Common symbol       size              file

xSem1               0x4               app\src\main.o
free_heap_size      0x4               app\src\main.o
PageInfo            0x50              TraceRecorder\TraceRecorder\trcStreamingRecorder.o
Synchro             0x4               app\src\main.o
buffer              0x7               app\src\main.o
_TzTraceData        0xfa0             TraceRecorder\TraceRecorder\trcKernelPort.o
rx_dma_buffer       0xe               app\src\main.o
xSem2               0x4               app\src\main.o
xActuatorsQueue     0x4               app\src\main.o
synchronisation     0x4               app\src\main.o
xSem_DMA_TC         0x4               app\src\main.o
xSubscribeQueue     0x4               app\src\main.o
xSem3               0x4               app\src\main.o
_SEGGER_RTT         0xa8              TraceRecorder\TraceRecorder\streamports\Jlink_RTT\SEGGER_RTT.o
trcWarningChannel   0x4               TraceRecorder\TraceRecorder\trcKernelPort.o

Memory Configuration

Name             Origin             Length             Attributes
FLASH            0x08000000         0x00020000         xr
RAM              0x20000000         0x00004000         xrw
MEMORY_B1        0x60000000         0x00000000         xr
*default*        0x00000000         0xffffffff

Linker script and memory map

LOAD c:/program files (x86)/atollic/truestudio for stm32 9.3.0/armtools/bin/../lib/gcc/arm-atollic-eabi/6.3.1/armv6-m/crti.o
LOAD c:/program files (x86)/atollic/truestudio for stm32 9.3.0/armtools/bin/../lib/gcc/arm-atollic-eabi/6.3.1/armv6-m/crtbegin.o
LOAD FreeRTOS\croutine.o
LOAD FreeRTOS\event_groups.o
LOAD FreeRTOS\list.o
LOAD FreeRTOS\portable\GCC\ARM_CM0\port.o
LOAD FreeRTOS\portable\MemMang\heap_1.o
LOAD FreeRTOS\queue.o
LOAD FreeRTOS\stream_buffer.o
LOAD FreeRTOS\tasks.o
LOAD FreeRTOS\timers.o
LOAD TraceRecorder\TraceRecorder\streamports\Jlink_RTT\SEGGER_RTT.o
LOAD TraceRecorder\TraceRecorder\streamports\Jlink_RTT\trcStreamingPort.o
LOAD TraceRecorder\TraceRecorder\trcKernelPort.o
LOAD TraceRecorder\TraceRecorder\trcSnapshotRecorder.o
LOAD TraceRecorder\TraceRecorder\trcStreamingRecorder.o
LOAD app\src\main.o
LOAD app\src\printf-stdarg.o
LOAD app\src\stm32f0xx_it.o
LOAD bsp\src\bsp.o
LOAD bsp\src\delay.o
LOAD bsp\src\factory_io.o
LOAD cmsis\device\src\startup_stm32f072xb.o
LOAD cmsis\device\src\system_stm32f0xx.o
                0x00000080                malloc_getpagesize_P = 0x80
START GROUP
LOAD c:/program files (x86)/atollic/truestudio for stm32 9.3.0/armtools/bin/../lib/gcc/arm-atollic-eabi/6.3.1/../../../../arm-atollic-eabi/lib/armv6-m\libc_nano.a
LOAD c:/program files (x86)/atollic/truestudio for stm32 9.3.0/armtools/bin/../lib/gcc/arm-atollic-eabi/6.3.1/../../../../arm-atollic-eabi/lib/armv6-m\libm.a
END GROUP
START GROUP
LOAD c:/program files (x86)/atollic/truestudio for stm32 9.3.0/armtools/bin/../lib/gcc/arm-atollic-eabi/6.3.1/armv6-m\libgcc.a
LOAD c:/program files (x86)/atollic/truestudio for stm32 9.3.0/armtools/bin/../lib/gcc/arm-atollic-eabi/6.3.1/../../../../arm-atollic-eabi/lib/armv6-m\libc_nano.a
END GROUP
START GROUP
LOAD c:/program files (x86)/atollic/truestudio for stm32 9.3.0/armtools/bin/../lib/gcc/arm-atollic-eabi/6.3.1/armv6-m\libgcc.a
LOAD c:/program files (x86)/atollic/truestudio for stm32 9.3.0/armtools/bin/../lib/gcc/arm-atollic-eabi/6.3.1/../../../../arm-atollic-eabi/lib/armv6-m\libc_nano.a
LOAD c:/program files (x86)/atollic/truestudio for stm32 9.3.0/armtools/bin/../lib/gcc/arm-atollic-eabi/6.3.1/../../../../arm-atollic-eabi/lib/armv6-m\libnosys.a
END GROUP
START GROUP
LOAD c:/program files (x86)/atollic/truestudio for stm32 9.3.0/armtools/bin/../lib/gcc/arm-atollic-eabi/6.3.1/armv6-m\libgcc.a
LOAD c:/program files (x86)/atollic/truestudio for stm32 9.3.0/armtools/bin/../lib/gcc/arm-atollic-eabi/6.3.1/../../../../arm-atollic-eabi/lib/armv6-m\libc_nano.a
LOAD c:/program files (x86)/atollic/truestudio for stm32 9.3.0/armtools/bin/../lib/gcc/arm-atollic-eabi/6.3.1/../../../../arm-atollic-eabi/lib/armv6-m\libnosys.a
END GROUP
LOAD c:/program files (x86)/atollic/truestudio for stm32 9.3.0/armtools/bin/../lib/gcc/arm-atollic-eabi/6.3.1/armv6-m/crtend.o
LOAD c:/program files (x86)/atollic/truestudio for stm32 9.3.0/armtools/bin/../lib/gcc/arm-atollic-eabi/6.3.1/armv6-m/crtn.o
                0x20004000                _estack = 0x20004000
                0x00000000                _Min_Heap_Size = 0x0
                0x00000080                _Min_Stack_Size = 0x80

.isr_vector     0x08000000       0xc0
                0x08000000                . = ALIGN (0x4)
 *(.isr_vector)
 .isr_vector    0x08000000       0xc0 cmsis\device\src\startup_stm32f072xb.o
                0x08000000                g_pfnVectors
                0x080000c0                . = ALIGN (0x4)

.text           0x080000c0     0xb128
                0x080000c0                . = ALIGN (0x4)
 *(.text)
 .text          0x080000c0        0x0 c:/program files (x86)/atollic/truestudio for stm32 9.3.0/armtools/bin/../lib/gcc/arm-atollic-eabi/6.3.1/armv6-m/crti.o
 .text          0x080000c0       0x48 c:/program files (x86)/atollic/truestudio for stm32 9.3.0/armtools/bin/../lib/gcc/arm-atollic-eabi/6.3.1/armv6-m/crtbegin.o
 .text          0x08000108        0x0 FreeRTOS\croutine.o
 .text          0x08000108      0x780 FreeRTOS\event_groups.o
                0x08000108                xEventGroupCreate
                0x080001b0                xEventGroupSync
                0x0800035c                xEventGroupWaitBits
                0x08000538                xEventGroupClearBits
                0x080005c8                xEventGroupGetBitsFromISR
                0x080005f4                xEventGroupSetBits
                0x0800072c                vEventGroupDelete
                0x080007cc                vEventGroupSetBitsCallback
                0x080007ea                vEventGroupClearBitsCallback
                0x08000846                uxEventGroupGetNumber
                0x0800086e                vEventGroupSetNumber
 .text          0x08000888      0x152 FreeRTOS\list.o
                0x08000888                vListInitialise
                0x080008c4                vListInitialiseItem
                0x080008da                vListInsertEnd
                0x0800091e                vListInsert
                0x0800098a                uxListRemove
 *fill*         0x080009da        0x6 
 .text          0x080009e0      0x25c FreeRTOS\portable\GCC\ARM_CM0\port.o
                0x080009e0                pxPortInitialiseStack
                0x08000a60                SVC_Handler
                0x08000a96                xPortStartScheduler
                0x08000adc                vPortEndScheduler
                0x08000afc                vPortYield
                0x08000b1c                vPortEnterCritical
                0x08000b40                vPortExitCritical
                0x08000b70                ulSetInterruptMaskFromISR
                0x08000b7c                vClearInterruptMaskFromISR
                0x08000b84                PendSV_Handler
                0x08000bd6                SysTick_Handler
                0x08000c08                vPortSetupTimerInterrupt
 .text          0x08000c3c       0xd8 FreeRTOS\portable\MemMang\heap_1.o
                0x08000c3c                pvPortMalloc
                0x08000cc8                vPortFree
                0x08000ce2                vPortInitialiseBlocks
                0x08000cf8                xPortGetFreeHeapSize
 .text          0x08000d14     0x1b0c FreeRTOS\queue.o
                0x08000d14                xQueueGenericReset
                0x08000dbc                xQueueGenericCreate
                0x08000fc4                xQueueCreateMutex
                0x08000ffc                xQueueGenericSend
                0x08001398                xQueueGenericSendFromISR
                0x08001548                xQueueGiveFromISR
                0x08001568                MyWrapper_xQueueGiveFromISR
                0x080016fc                xQueueReceive
                0x08001a58                xQueueSemaphoreTake
                0x08001dfc                xQueuePeek
                0x08002158                xQueueReceiveFromISR
                0x080022d0                xQueuePeekFromISR
                0x08002354                uxQueueMessagesWaiting
                0x0800237e                uxQueueSpacesAvailable
                0x080023b2                uxQueueMessagesWaitingFromISR
                0x080023d8                vQueueDelete
                0x080024a4                uxQueueGetQueueNumber
                0x080024b8                vQueueSetQueueNumber
                0x080024d0                ucQueueGetQueueType
                0x08002720                xQueueIsQueueEmptyFromISR
                0x08002782                xQueueIsQueueFullFromISR
                0x080027b8                vQueueWaitForMessageRestricted
 .text          0x08002820      0xab6 FreeRTOS\stream_buffer.o
                0x08002820                xStreamBufferGenericCreate
                0x080028aa                vStreamBufferDelete
                0x080028ea                xStreamBufferReset
                0x08002950                xStreamBufferSetTriggerLevel
                0x08002996                xStreamBufferSpacesAvailable
                0x080029e6                xStreamBufferBytesAvailable
                0x08002a12                xStreamBufferSend
                0x08002b80                xStreamBufferSendFromISR
                0x08002cb0                xStreamBufferReceive
                0x08002dbe                xStreamBufferNextMessageLengthBytes
                0x08002e30                xStreamBufferReceiveFromISR
                0x08002f44                xStreamBufferIsEmpty
                0x08002f7e                xStreamBufferIsFull
                0x08002fce                xStreamBufferSendCompletedFromISR
                0x0800302e                xStreamBufferReceiveCompletedFromISR
                0x08003290                uxStreamBufferGetStreamBufferNumber
                0x080032a4                vStreamBufferSetStreamBufferNumber
                0x080032bc                ucStreamBufferGetStreamBufferType
 *fill*         0x080032d6        0x2 
 .text          0x080032d8     0x26ac FreeRTOS\tasks.o
                0x080032d8                xTaskCreate
                0x0800360c                vTaskDelete
                0x080037a0                vTaskDelayUntil
                0x08003880                vTaskDelay
                0x080038f4                eTaskGetState
                0x080039e8                uxTaskPriorityGet
                0x08003a1c                uxTaskPriorityGetFromISR
                0x08003a58                vTaskPrioritySet
                0x08003be4                vTaskSuspend
                0x08003d5c                vTaskResume
                0x08003e5c                xTaskResumeFromISR
                0x08003f60                vTaskStartScheduler
                0x08004030                vTaskEndScheduler
                0x0800404c                vTaskSuspendAll
                0x08004064                xTaskResumeAll
                0x080041a4                xTaskGetTickCount
                0x080041c0                xTaskGetTickCountFromISR
                0x080041e0                uxTaskGetNumberOfTasks
                0x080041f4                pcTaskGetName
                0x08004228                uxTaskGetSystemState
                0x08004344                xTaskCatchUpTicks
                0x08004384                xTaskIncrementTick
                0x08004528                vTaskSwitchContext
                0x0800461c                vTaskPlaceOnEventList
                0x08004658                vTaskPlaceOnUnorderedEventList
                0x080046b4                vTaskPlaceOnEventListRestricted
                0x08004734                xTaskRemoveFromEventList
                0x08004814                vTaskRemoveFromUnorderedEventList
                0x080048e0                vTaskSetTimeOutState
                0x0800491c                vTaskInternalSetTimeOutState
                0x08004944                xTaskCheckForTimeOut
                0x080049ec                vTaskMissedYield
                0x08004a00                uxTaskGetTaskNumber
                0x08004a28                vTaskSetTaskNumber
                0x08004b50                vTaskGetInfo
                0x08004d02                uxTaskGetStackHighWaterMark
                0x08004d90                xTaskGetCurrentTaskHandle
                0x08004dac                xTaskGetSchedulerState
                0x08004de4                xTaskPriorityInherit
                0x08004f24                xTaskPriorityDisinherit
                0x08005044                vTaskPriorityDisinheritAfterTimeout
                0x08005190                uxTaskResetEventItemValue
                0x080051bc                pvTaskIncrementMutexHeldCount
                0x080051e0                ulTaskGenericNotifyTake
                0x08005294                xTaskGenericNotifyWait
                0x0800537c                xTaskGenericNotify
                0x08005510                xTaskGenericNotifyFromISR
                0x080056e0                vTaskGenericNotifyGiveFromISR
                0x0800581c                xTaskGenericNotifyStateClear
                0x08005880                ulTaskGenericNotifyValueClear
 .text          0x08005984      0x844 FreeRTOS\timers.o
                0x08005984                xTimerCreateTimerTask
                0x080059d8                xTimerCreate
                0x08005a82                xTimerGenericCommand
                0x08005b1c                xTimerGetTimerDaemonTaskHandle
                0x08005b3c                xTimerGetPeriod
                0x08005b5e                vTimerSetReloadMode
                0x08005bb2                uxTimerGetReloadMode
                0x08005bf2                xTimerGetExpiryTime
                0x08005c18                pcTimerGetName
                0x08006100                xTimerIsTimerActive
                0x08006140                pvTimerGetTimerID
                0x0800616e                vTimerSetTimerID
                0x0800619c                uxTimerGetTimerNumber
                0x080061b0                vTimerSetTimerNumber
 .text          0x080061c8      0xf10 TraceRecorder\TraceRecorder\streamports\Jlink_RTT\SEGGER_RTT.o
                0x08006426                SEGGER_RTT_ReadNoLock
                0x0800652c                SEGGER_RTT_Read
                0x08006564                SEGGER_RTT_WriteWithOverwriteNoLock
                0x08006690                SEGGER_RTT_WriteSkipNoLock
                0x080067cc                SEGGER_RTT_WriteNoLock
                0x08006878                SEGGER_RTT_Write
                0x080068c0                SEGGER_RTT_WriteString
                0x080068ec                SEGGER_RTT_GetKey
                0x08006920                SEGGER_RTT_WaitKey
                0x0800693e                SEGGER_RTT_HasKey
                0x08006978                SEGGER_RTT_HasData
                0x080069b0                SEGGER_RTT_AllocDownBuffer
                0x08006aa4                SEGGER_RTT_AllocUpBuffer
                0x08006b98                SEGGER_RTT_ConfigUpBuffer
                0x08006c68                SEGGER_RTT_ConfigDownBuffer
                0x08006d38                SEGGER_RTT_SetNameUpBuffer
                0x08006d98                SEGGER_RTT_SetNameDownBuffer
                0x08006dfc                SEGGER_RTT_SetFlagsUpBuffer
                0x08006e60                SEGGER_RTT_SetFlagsDownBuffer
                0x08006ec4                SEGGER_RTT_Init
                0x08006ed2                SEGGER_RTT_SetTerminal
                0x08006f98                SEGGER_RTT_TerminalOut
 .text          0x080070d8       0x80 TraceRecorder\TraceRecorder\streamports\Jlink_RTT\trcStreamingPort.o
                0x080070d8                readFromRTT
                0x08007124                writeToRTT
 .text          0x08007158      0x64c TraceRecorder\TraceRecorder\trcKernelPort.o
                0x08007158                prvTraceGetQueueNumber
                0x08007172                prvTraceGetQueueType
                0x0800718c                prvTraceGetTaskNumberLow16
                0x080071a8                prvTraceGetTaskNumberHigh16
                0x080071c6                prvTraceSetTaskNumberLow16
                0x080071fa                prvTraceSetTaskNumberHigh16
                0x08007230                prvTraceGetQueueNumberLow16
                0x0800724c                prvTraceGetQueueNumberHigh16
                0x0800726a                prvTraceSetQueueNumberLow16
                0x0800729e                prvTraceSetQueueNumberHigh16
                0x080072d4                prvTraceGetEventGroupNumberLow16
                0x080072f0                prvTraceGetEventGroupNumberHigh16
                0x0800730e                prvTraceSetEventGroupNumberLow16
                0x08007342                prvTraceSetEventGroupNumberHigh16
                0x08007378                prvAddTaskToStackMonitor
                0x080073e4                prvRemoveTaskFromStackMonitor
                0x08007430                prvReportStackUsage
                0x080074e4                vTraceEnable
                0x080075e4                vTraceSetQueueName
                0x08007602                vTraceSetSemaphoreName
                0x08007620                vTraceSetMutexName
                0x0800763e                vTraceSetEventGroupName
                0x0800765c                prvTraceGetCurrentTaskHandle
                0x0800766c                prvIsNewTCB
                0x08007698                prvTraceIsSchedulerSuspended
 .text          0x080077a4        0x0 TraceRecorder\TraceRecorder\trcSnapshotRecorder.o
 .text          0x080077a4     0x1a44 TraceRecorder\TraceRecorder\trcStreamingRecorder.o
                0x080077a4                vTraceInstanceFinishedNow
                0x080077b4                vTraceInstanceFinishedNext
                0x080077c4                vTraceStoreKernelObjectName
                0x08007814                vTraceSetFrequency
                0x08007830                xTraceSetISRProperties
                0x080078a0                vTraceStoreISRBegin
                0x08007928                vTraceStoreISREnd
                0x080079a8                xTraceGetLastError
                0x080079c4                vTraceClearError
                0x08007a00                vTraceStop
                0x08007a10                xTraceIsRecordingEnabled
                0x08007a24                vTraceSetFilterMask
                0x08007a44                vTraceSetFilterGroup
                0x08008060                prvTraceStoreEvent0
                0x08008104                prvTraceStoreEvent1
                0x080081b8                prvTraceStoreEvent2
                0x08008278                prvTraceStoreEvent3
                0x08008340                prvTraceStoreEvent
                0x08008430                prvTraceStoreStringEvent
                0x08008694                prvTraceStoreSimpleStringEventHelper
                0x080088b4                prvTraceSaveSymbol
                0x08008914                prvTraceSaveObjectSymbol
                0x080089f0                prvTraceDeleteSymbol
                0x08008abc                prvTraceSaveObjectData
                0x08008b78                prvTraceDeleteObjectData
                0x08008c44                prvIsValidCommand
                0x08008cce                prvProcessCommand
                0x08008cf4                prvTraceWarning
                0x08008d50                prvTraceError
                0x08008f90                prvPagedEventBufferTransfer
                0x08009024                prvPagedEventBufferGetWritePointer
                0x08009164                prvPagedEventBufferInit
 .text          0x080091e8      0xe1c app\src\main.o
                0x080092f0                main
                0x080094c8                task_pub
                0x08009734                task_write
                0x080097c4                task_palette
                0x08009b00                task_chargement
                0x08009cd4                task_distribution
                0x08009e10                vApplicationIdleHook
 .text          0x0800a004      0x41c app\src\printf-stdarg.o
                0x0800a3c8                my_printf
                0x0800a3f2                my_sprintf
 .text          0x0800a420       0x6c app\src\stm32f0xx_it.o
                0x0800a420                NMI_Handler
                0x0800a42a                HardFault_Handler
                0x0800a430                DMA1_Channel4_5_6_7_IRQHandler
 .text          0x0800a48c      0x678 bsp\src\bsp.o
                0x0800a48c                BSP_LED_Init
                0x0800a51c                BSP_LED_On
                0x0800a52e                BSP_LED_Off
                0x0800a542                BSP_LED_Toggle
                0x0800a55c                BSP_PB_Init
                0x0800a5a0                BSP_PB_GetState
                0x0800a5d8                BSP_Console_Init
                0x0800a78c                I2C1_Init
                0x0800a80c                BSP_I2C1_Read
                0x0800a9bc                BSP_I2C1_Write
 .text          0x0800ab04       0x58 bsp\src\delay.o
                0x0800ab04                delay_ms
                0x0800ab30                delay_us
 .text          0x0800ab5c      0x118 bsp\src\factory_io.o
                0x0800ab5c                FACTORY_IO_Actuators_Set
                0x0800abd0                FACTORY_IO_Sensors_Get
                0x0800ac20                FACTORY_IO_update
 .text          0x0800ac74       0x14 cmsis\device\src\startup_stm32f072xb.o
 .text          0x0800ac88      0x188 cmsis\device\src\system_stm32f0xx.o
                0x0800ac88                SystemInit
                0x0800ad10                SystemCoreClockUpdate
 .text          0x0800ae10        0x0 c:/program files (x86)/atollic/truestudio for stm32 9.3.0/armtools/bin/../lib/gcc/arm-atollic-eabi/6.3.1/../../../../arm-atollic-eabi/lib/armv6-m\libc_nano.a(lib_a-init.o)
 .text          0x0800ae10        0x0 c:/program files (x86)/atollic/truestudio for stm32 9.3.0/armtools/bin/../lib/gcc/arm-atollic-eabi/6.3.1/../../../../arm-atollic-eabi/lib/armv6-m\libc_nano.a(lib_a-memcpy-stub.o)
 .text          0x0800ae10        0x0 c:/program files (x86)/atollic/truestudio for stm32 9.3.0/armtools/bin/../lib/gcc/arm-atollic-eabi/6.3.1/../../../../arm-atollic-eabi/lib/armv6-m\libc_nano.a(lib_a-memset.o)
 .text          0x0800ae10        0xe c:/program files (x86)/atollic/truestudio for stm32 9.3.0/armtools/bin/../lib/gcc/arm-atollic-eabi/6.3.1/../../../../arm-atollic-eabi/lib/armv6-m\libc_nano.a(lib_a-strlen.o)
                0x0800ae10                strlen
 *fill*         0x0800ae1e        0x2 
 .text          0x0800ae20      0x114 c:/program files (x86)/atollic/truestudio for stm32 9.3.0/armtools/bin/../lib/gcc/arm-atollic-eabi/6.3.1/armv6-m\libgcc.a(_udivsi3.o)
                0x0800ae20                __aeabi_uidiv
                0x0800ae20                __udivsi3
                0x0800af2c                __aeabi_uidivmod
 .text          0x0800af34      0x1d4 c:/program files (x86)/atollic/truestudio for stm32 9.3.0/armtools/bin/../lib/gcc/arm-atollic-eabi/6.3.1/armv6-m\libgcc.a(_divsi3.o)
                0x0800af34                __divsi3
                0x0800af34                __aeabi_idiv
                0x0800b100                __aeabi_idivmod
 .text          0x0800b108        0x4 c:/program files (x86)/atollic/truestudio for stm32 9.3.0/armtools/bin/../lib/gcc/arm-atollic-eabi/6.3.1/armv6-m\libgcc.a(_dvmd_tls.o)
                0x0800b108                __aeabi_idiv0
                0x0800b108                __aeabi_ldiv0
 .text          0x0800b10c        0x0 c:/program files (x86)/atollic/truestudio for stm32 9.3.0/armtools/bin/../lib/gcc/arm-atollic-eabi/6.3.1/armv6-m/crtend.o
 .text          0x0800b10c        0x0 c:/program files (x86)/atollic/truestudio for stm32 9.3.0/armtools/bin/../lib/gcc/arm-atollic-eabi/6.3.1/armv6-m/crtn.o
 *(.text*)
 .text.Reset_Handler
                0x0800b10c       0x50 cmsis\device\src\startup_stm32f072xb.o
                0x0800b10c                Reset_Handler
 .text.Default_Handler
                0x0800b15c        0x2 cmsis\device\src\startup_stm32f072xb.o
                0x0800b15c                TIM1_CC_IRQHandler
                0x0800b15c                TSC_IRQHandler
                0x0800b15c                ADC1_COMP_IRQHandler
                0x0800b15c                I2C1_IRQHandler
                0x0800b15c                RCC_CRS_IRQHandler
                0x0800b15c                SPI1_IRQHandler
                0x0800b15c                TIM6_DAC_IRQHandler
                0x0800b15c                USART3_4_IRQHandler
                0x0800b15c                EXTI2_3_IRQHandler
                0x0800b15c                I2C2_IRQHandler
                0x0800b15c                TIM17_IRQHandler
                0x0800b15c                CEC_CAN_IRQHandler
                0x0800b15c                RTC_IRQHandler
                0x0800b15c                PVD_VDDIO2_IRQHandler
                0x0800b15c                TIM16_IRQHandler
                0x0800b15c                TIM3_IRQHandler
                0x0800b15c                EXTI4_15_IRQHandler
                0x0800b15c                DMA1_Channel1_IRQHandler
                0x0800b15c                Default_Handler
                0x0800b15c                TIM14_IRQHandler
                0x0800b15c                TIM7_IRQHandler
                0x0800b15c                TIM15_IRQHandler
                0x0800b15c                EXTI0_1_IRQHandler
                0x0800b15c                USB_IRQHandler
                0x0800b15c                SPI2_IRQHandler
                0x0800b15c                WWDG_IRQHandler
                0x0800b15c                TIM2_IRQHandler
                0x0800b15c                DMA1_Channel2_3_IRQHandler
                0x0800b15c                USART2_IRQHandler
                0x0800b15c                FLASH_IRQHandler
                0x0800b15c                USART1_IRQHandler
                0x0800b15c                TIM1_BRK_UP_TRG_COM_IRQHandler
 *fill*         0x0800b15e        0x2 
 .text.__libc_init_array
                0x0800b160       0x48 c:/program files (x86)/atollic/truestudio for stm32 9.3.0/armtools/bin/../lib/gcc/arm-atollic-eabi/6.3.1/../../../../arm-atollic-eabi/lib/armv6-m\libc_nano.a(lib_a-init.o)
                0x0800b160                __libc_init_array
 .text.memcpy   0x0800b1a8       0x12 c:/program files (x86)/atollic/truestudio for stm32 9.3.0/armtools/bin/../lib/gcc/arm-atollic-eabi/6.3.1/../../../../arm-atollic-eabi/lib/armv6-m\libc_nano.a(lib_a-memcpy-stub.o)
                0x0800b1a8                memcpy
 .text.memset   0x0800b1ba       0x10 c:/program files (x86)/atollic/truestudio for stm32 9.3.0/armtools/bin/../lib/gcc/arm-atollic-eabi/6.3.1/../../../../arm-atollic-eabi/lib/armv6-m\libc_nano.a(lib_a-memset.o)
                0x0800b1ba                memset
 *(.glue_7)
 .glue_7        0x0800b1ca        0x0 linker stubs
 *(.glue_7t)
 .glue_7t       0x0800b1ca        0x0 linker stubs
 *(.eh_frame)
 *fill*         0x0800b1ca        0x2 
 .eh_frame      0x0800b1cc        0x0 c:/program files (x86)/atollic/truestudio for stm32 9.3.0/armtools/bin/../lib/gcc/arm-atollic-eabi/6.3.1/armv6-m/crtbegin.o
 .eh_frame      0x0800b1cc        0x4 c:/program files (x86)/atollic/truestudio for stm32 9.3.0/armtools/bin/../lib/gcc/arm-atollic-eabi/6.3.1/armv6-m/crtend.o
 *(.init)
 .init          0x0800b1d0        0x4 c:/program files (x86)/atollic/truestudio for stm32 9.3.0/armtools/bin/../lib/gcc/arm-atollic-eabi/6.3.1/armv6-m/crti.o
                0x0800b1d0                _init
 .init          0x0800b1d4        0x8 c:/program files (x86)/atollic/truestudio for stm32 9.3.0/armtools/bin/../lib/gcc/arm-atollic-eabi/6.3.1/armv6-m/crtn.o
 *(.fini)
 .fini          0x0800b1dc        0x4 c:/program files (x86)/atollic/truestudio for stm32 9.3.0/armtools/bin/../lib/gcc/arm-atollic-eabi/6.3.1/armv6-m/crti.o
                0x0800b1dc                _fini
 .fini          0x0800b1e0        0x8 c:/program files (x86)/atollic/truestudio for stm32 9.3.0/armtools/bin/../lib/gcc/arm-atollic-eabi/6.3.1/armv6-m/crtn.o
                0x0800b1e8                . = ALIGN (0x4)
                0x0800b1e8                _etext = .

.vfp11_veneer   0x0800b1e8        0x0
 .vfp11_veneer  0x0800b1e8        0x0 linker stubs

.v4_bx          0x0800b1e8        0x0
 .v4_bx         0x0800b1e8        0x0 linker stubs

.iplt           0x0800b1e8        0x0
 .iplt          0x0800b1e8        0x0 c:/program files (x86)/atollic/truestudio for stm32 9.3.0/armtools/bin/../lib/gcc/arm-atollic-eabi/6.3.1/armv6-m/crtbegin.o

.rodata         0x0800b1e8      0x56c
                0x0800b1e8                . = ALIGN (0x4)
 *(.rodata)
 .rodata        0x0800b1e8      0x154 FreeRTOS\queue.o
 .rodata        0x0800b33c       0x30 FreeRTOS\tasks.o
 .rodata        0x0800b36c       0x30 FreeRTOS\timers.o
 .rodata        0x0800b39c       0x17 TraceRecorder\TraceRecorder\streamports\Jlink_RTT\SEGGER_RTT.o
 *fill*         0x0800b3b3        0x1 
 .rodata        0x0800b3b4        0xf TraceRecorder\TraceRecorder\trcKernelPort.o
 *fill*         0x0800b3c3        0x1 
 .rodata        0x0800b3c4      0x2d0 TraceRecorder\TraceRecorder\trcStreamingRecorder.o
 .rodata        0x0800b694       0x9e app\src\main.o
 *fill*         0x0800b732        0x2 
 .rodata        0x0800b734        0x7 app\src\printf-stdarg.o
 *fill*         0x0800b73b        0x1 
 .rodata        0x0800b73c       0x18 cmsis\device\src\system_stm32f0xx.o
                0x0800b73c                AHBPrescTable
                0x0800b74c                APBPrescTable
 *(.rodata*)
                0x0800b754                . = ALIGN (0x4)

.rel.dyn        0x0800b754        0x0
 .rel.iplt      0x0800b754        0x0 c:/program files (x86)/atollic/truestudio for stm32 9.3.0/armtools/bin/../lib/gcc/arm-atollic-eabi/6.3.1/armv6-m/crtbegin.o

.ARM.extab
 *(.ARM.extab* .gnu.linkonce.armextab.*)

.ARM            0x0800b754        0x0
                0x0800b754                __exidx_start = .
 *(.ARM.exidx*)
                0x0800b754                __exidx_end = .

.preinit_array  0x0800b754        0x0
                0x0800b754                PROVIDE (__preinit_array_start, .)
 *(.preinit_array*)
                0x0800b754                PROVIDE (__preinit_array_end, .)

.init_array     0x0800b754        0x4
                0x0800b754                PROVIDE (__init_array_start, .)
 *(SORT(.init_array.*))
 *(.init_array*)
 .init_array    0x0800b754        0x4 c:/program files (x86)/atollic/truestudio for stm32 9.3.0/armtools/bin/../lib/gcc/arm-atollic-eabi/6.3.1/armv6-m/crtbegin.o
                0x0800b758                PROVIDE (__init_array_end, .)

.fini_array     0x0800b758        0x4
                [!provide]                PROVIDE (__fini_array_start, .)
 *(SORT(.fini_array.*))
 *(.fini_array*)
 .fini_array    0x0800b758        0x4 c:/program files (x86)/atollic/truestudio for stm32 9.3.0/armtools/bin/../lib/gcc/arm-atollic-eabi/6.3.1/armv6-m/crtbegin.o
                [!provide]                PROVIDE (__fini_array_end, .)
                0x0800b75c                _sidata = LOADADDR (.data)

.data           0x20000000       0x40 load address 0x0800b75c
                0x20000000                . = ALIGN (0x4)
                0x20000000                _sdata = .
 *(.data)
 .data          0x20000000        0x0 c:/program files (x86)/atollic/truestudio for stm32 9.3.0/armtools/bin/../lib/gcc/arm-atollic-eabi/6.3.1/armv6-m/crti.o
 .data          0x20000000        0x4 c:/program files (x86)/atollic/truestudio for stm32 9.3.0/armtools/bin/../lib/gcc/arm-atollic-eabi/6.3.1/armv6-m/crtbegin.o
                0x20000000                __dso_handle
 .data          0x20000004        0x0 FreeRTOS\croutine.o
 .data          0x20000004        0x0 FreeRTOS\event_groups.o
 .data          0x20000004        0x0 FreeRTOS\list.o
 .data          0x20000004        0x4 FreeRTOS\portable\GCC\ARM_CM0\port.o
 .data          0x20000008        0x0 FreeRTOS\portable\MemMang\heap_1.o
 .data          0x20000008        0x0 FreeRTOS\queue.o
 .data          0x20000008        0x0 FreeRTOS\stream_buffer.o
 .data          0x20000008        0x0 FreeRTOS\tasks.o
 .data          0x20000008        0x0 FreeRTOS\timers.o
 .data          0x20000008       0x10 TraceRecorder\TraceRecorder\streamports\Jlink_RTT\SEGGER_RTT.o
 .data          0x20000018        0x0 TraceRecorder\TraceRecorder\streamports\Jlink_RTT\trcStreamingPort.o
 .data          0x20000018        0x0 TraceRecorder\TraceRecorder\trcKernelPort.o
 .data          0x20000018        0x0 TraceRecorder\TraceRecorder\trcSnapshotRecorder.o
 .data          0x20000018       0x24 TraceRecorder\TraceRecorder\trcStreamingRecorder.o
                0x20000024                TotalBytesRemaining_LowWaterMark
                0x20000028                TotalBytesRemaining
                0x2000002c                PSFExtensionInfo
                0x20000030                CurrentFilterMask
                0x20000032                CurrentFilterGroup
 .data          0x2000003c        0x0 app\src\main.o
 .data          0x2000003c        0x0 app\src\printf-stdarg.o
 .data          0x2000003c        0x0 app\src\stm32f0xx_it.o
 .data          0x2000003c        0x0 bsp\src\bsp.o
 .data          0x2000003c        0x0 bsp\src\delay.o
 .data          0x2000003c        0x0 bsp\src\factory_io.o
 .data          0x2000003c        0x0 cmsis\device\src\startup_stm32f072xb.o
 .data          0x2000003c        0x4 cmsis\device\src\system_stm32f0xx.o
                0x2000003c                SystemCoreClock
 .data          0x20000040        0x0 c:/program files (x86)/atollic/truestudio for stm32 9.3.0/armtools/bin/../lib/gcc/arm-atollic-eabi/6.3.1/../../../../arm-atollic-eabi/lib/armv6-m\libc_nano.a(lib_a-init.o)
 .data          0x20000040        0x0 c:/program files (x86)/atollic/truestudio for stm32 9.3.0/armtools/bin/../lib/gcc/arm-atollic-eabi/6.3.1/../../../../arm-atollic-eabi/lib/armv6-m\libc_nano.a(lib_a-memcpy-stub.o)
 .data          0x20000040        0x0 c:/program files (x86)/atollic/truestudio for stm32 9.3.0/armtools/bin/../lib/gcc/arm-atollic-eabi/6.3.1/../../../../arm-atollic-eabi/lib/armv6-m\libc_nano.a(lib_a-memset.o)
 .data          0x20000040        0x0 c:/program files (x86)/atollic/truestudio for stm32 9.3.0/armtools/bin/../lib/gcc/arm-atollic-eabi/6.3.1/../../../../arm-atollic-eabi/lib/armv6-m\libc_nano.a(lib_a-strlen.o)
 .data          0x20000040        0x0 c:/program files (x86)/atollic/truestudio for stm32 9.3.0/armtools/bin/../lib/gcc/arm-atollic-eabi/6.3.1/armv6-m\libgcc.a(_udivsi3.o)
 .data          0x20000040        0x0 c:/program files (x86)/atollic/truestudio for stm32 9.3.0/armtools/bin/../lib/gcc/arm-atollic-eabi/6.3.1/armv6-m\libgcc.a(_divsi3.o)
 .data          0x20000040        0x0 c:/program files (x86)/atollic/truestudio for stm32 9.3.0/armtools/bin/../lib/gcc/arm-atollic-eabi/6.3.1/armv6-m\libgcc.a(_dvmd_tls.o)
 .data          0x20000040        0x0 c:/program files (x86)/atollic/truestudio for stm32 9.3.0/armtools/bin/../lib/gcc/arm-atollic-eabi/6.3.1/armv6-m/crtend.o
 .data          0x20000040        0x0 c:/program files (x86)/atollic/truestudio for stm32 9.3.0/armtools/bin/../lib/gcc/arm-atollic-eabi/6.3.1/armv6-m/crtn.o
 *(.data*)
                0x20000040                . = ALIGN (0x4)
                0x20000040                _edata = .

.igot.plt       0x20000040        0x0 load address 0x0800b79c
 .igot.plt      0x20000040        0x0 c:/program files (x86)/atollic/truestudio for stm32 9.3.0/armtools/bin/../lib/gcc/arm-atollic-eabi/6.3.1/armv6-m/crtbegin.o
                0x20000040                . = ALIGN (0x4)

.bss            0x20000040     0x35d4 load address 0x0800b79c
                0x20000040                _sbss = .
                0x20000040                __bss_start__ = _sbss
 *(.bss)
 .bss           0x20000040        0x0 c:/program files (x86)/atollic/truestudio for stm32 9.3.0/armtools/bin/../lib/gcc/arm-atollic-eabi/6.3.1/armv6-m/crti.o
 .bss           0x20000040       0x1c c:/program files (x86)/atollic/truestudio for stm32 9.3.0/armtools/bin/../lib/gcc/arm-atollic-eabi/6.3.1/armv6-m/crtbegin.o
 .bss           0x2000005c        0x0 FreeRTOS\croutine.o
 .bss           0x2000005c        0x0 FreeRTOS\event_groups.o
 .bss           0x2000005c        0x0 FreeRTOS\list.o
 .bss           0x2000005c        0x0 FreeRTOS\portable\GCC\ARM_CM0\port.o
 .bss           0x2000005c     0x1c08 FreeRTOS\portable\MemMang\heap_1.o
 .bss           0x20001c64        0x0 FreeRTOS\queue.o
 .bss           0x20001c64        0x0 FreeRTOS\stream_buffer.o
 .bss           0x20001c64      0x118 FreeRTOS\tasks.o
                0x20001c64                pxCurrentTCB
 .bss           0x20001d7c       0x3c FreeRTOS\timers.o
 .bss           0x20001db8       0x51 TraceRecorder\TraceRecorder\streamports\Jlink_RTT\SEGGER_RTT.o
 .bss           0x20001e09        0x0 TraceRecorder\TraceRecorder\streamports\Jlink_RTT\trcStreamingPort.o
 *fill*         0x20001e09        0x3 
 .bss           0x20001e0c       0x80 TraceRecorder\TraceRecorder\trcKernelPort.o
                0x20001e10                tasksInStackMonitor
                0x20001e60                tasksNotIncluded
 .bss           0x20001e8c        0x0 TraceRecorder\TraceRecorder\trcSnapshotRecorder.o
 .bss           0x20001e8c      0x6a8 TraceRecorder\TraceRecorder\trcStreamingRecorder.o
                0x20001e8c                trcHeapCounter
                0x20002504                RecorderEnabled
                0x2000250c                isPendingContextSwitch
                0x20002510                uiTraceTickCount
                0x20002514                timestampFrequency
                0x20002518                DroppedEventCounter
                0x2000251c                EventBuffer
                0x20002520                NoRoomForSymbol
                0x20002524                NoRoomForObjectData
                0x20002528                LongestSymbolName
                0x2000252c                MaxBytesTruncated
                0x20002530                uiTraceSystemState
 .bss           0x20002534        0x2 app\src\main.o
                0x20002534                compt_carton
                0x20002535                compt_entree_paletiseur
 .bss           0x20002536        0x0 app\src\printf-stdarg.o
 .bss           0x20002536        0x0 app\src\stm32f0xx_it.o
 .bss           0x20002536        0x0 bsp\src\bsp.o
 .bss           0x20002536        0x0 bsp\src\delay.o
 *fill*         0x20002536        0x2 
 .bss           0x20002538        0x4 bsp\src\factory_io.o
 .bss           0x2000253c        0x0 cmsis\device\src\startup_stm32f072xb.o
 .bss           0x2000253c        0x0 cmsis\device\src\system_stm32f0xx.o
 .bss           0x2000253c        0x0 c:/program files (x86)/atollic/truestudio for stm32 9.3.0/armtools/bin/../lib/gcc/arm-atollic-eabi/6.3.1/../../../../arm-atollic-eabi/lib/armv6-m\libc_nano.a(lib_a-init.o)
 .bss           0x2000253c        0x0 c:/program files (x86)/atollic/truestudio for stm32 9.3.0/armtools/bin/../lib/gcc/arm-atollic-eabi/6.3.1/../../../../arm-atollic-eabi/lib/armv6-m\libc_nano.a(lib_a-memcpy-stub.o)
 .bss           0x2000253c        0x0 c:/program files (x86)/atollic/truestudio for stm32 9.3.0/armtools/bin/../lib/gcc/arm-atollic-eabi/6.3.1/../../../../arm-atollic-eabi/lib/armv6-m\libc_nano.a(lib_a-memset.o)
 .bss           0x2000253c        0x0 c:/program files (x86)/atollic/truestudio for stm32 9.3.0/armtools/bin/../lib/gcc/arm-atollic-eabi/6.3.1/../../../../arm-atollic-eabi/lib/armv6-m\libc_nano.a(lib_a-strlen.o)
 .bss           0x2000253c        0x0 c:/program files (x86)/atollic/truestudio for stm32 9.3.0/armtools/bin/../lib/gcc/arm-atollic-eabi/6.3.1/armv6-m\libgcc.a(_udivsi3.o)
 .bss           0x2000253c        0x0 c:/program files (x86)/atollic/truestudio for stm32 9.3.0/armtools/bin/../lib/gcc/arm-atollic-eabi/6.3.1/armv6-m\libgcc.a(_divsi3.o)
 .bss           0x2000253c        0x0 c:/program files (x86)/atollic/truestudio for stm32 9.3.0/armtools/bin/../lib/gcc/arm-atollic-eabi/6.3.1/armv6-m\libgcc.a(_dvmd_tls.o)
 .bss           0x2000253c        0x0 c:/program files (x86)/atollic/truestudio for stm32 9.3.0/armtools/bin/../lib/gcc/arm-atollic-eabi/6.3.1/armv6-m/crtend.o
 .bss           0x2000253c        0x0 c:/program files (x86)/atollic/truestudio for stm32 9.3.0/armtools/bin/../lib/gcc/arm-atollic-eabi/6.3.1/armv6-m/crtn.o
 *(.bss*)
 *(COMMON)
 COMMON         0x2000253c       0xa8 TraceRecorder\TraceRecorder\streamports\Jlink_RTT\SEGGER_RTT.o
                0x2000253c                _SEGGER_RTT
 COMMON         0x200025e4      0xfa4 TraceRecorder\TraceRecorder\trcKernelPort.o
                0x200025e4                _TzTraceData
                0x20003584                trcWarningChannel
 COMMON         0x20003588       0x50 TraceRecorder\TraceRecorder\trcStreamingRecorder.o
                0x20003588                PageInfo
 COMMON         0x200035d8       0x3c app\src\main.o
                0x200035d8                xSem1
                0x200035dc                free_heap_size
                0x200035e0                Synchro
                0x200035e4                buffer
                0x200035ec                rx_dma_buffer
                0x200035fc                xSem2
                0x20003600                xActuatorsQueue
                0x20003604                synchronisation
                0x20003608                xSem_DMA_TC
                0x2000360c                xSubscribeQueue
                0x20003610                xSem3
                0x20003614                . = ALIGN (0x4)
                0x20003614                _ebss = .
                0x20003614                __bss_end__ = _ebss

._user_heap_stack
                0x20003614       0x80 load address 0x0800b79c
                0x20003614                . = ALIGN (0x4)
                [!provide]                PROVIDE (end, .)
                [!provide]                PROVIDE (_end, .)
                0x20003614                . = (. + _Min_Heap_Size)
                0x20003694                . = (. + _Min_Stack_Size)
 *fill*         0x20003614       0x80 
                0x20003694                . = ALIGN (0x4)

.memory_b1_text
 *(.mb1text)
 *(.mb1text*)
 *(.mb1rodata)
 *(.mb1rodata*)

/DISCARD/
 libc.a(*)
 libm.a(*)
 libgcc.a(*)

.ARM.attributes
                0x00000000       0x28
 *(.ARM.attributes)
 .ARM.attributes
                0x00000000       0x1e c:/program files (x86)/atollic/truestudio for stm32 9.3.0/armtools/bin/../lib/gcc/arm-atollic-eabi/6.3.1/armv6-m/crti.o
 .ARM.attributes
                0x0000001e       0x2c c:/program files (x86)/atollic/truestudio for stm32 9.3.0/armtools/bin/../lib/gcc/arm-atollic-eabi/6.3.1/armv6-m/crtbegin.o
 .ARM.attributes
                0x0000004a       0x31 FreeRTOS\croutine.o
 .ARM.attributes
                0x0000007b       0x31 FreeRTOS\event_groups.o
 .ARM.attributes
                0x000000ac       0x31 FreeRTOS\list.o
 .ARM.attributes
                0x000000dd       0x31 FreeRTOS\portable\GCC\ARM_CM0\port.o
 .ARM.attributes
                0x0000010e       0x31 FreeRTOS\portable\MemMang\heap_1.o
 .ARM.attributes
                0x0000013f       0x31 FreeRTOS\queue.o
 .ARM.attributes
                0x00000170       0x31 FreeRTOS\stream_buffer.o
 .ARM.attributes
                0x000001a1       0x31 FreeRTOS\tasks.o
 .ARM.attributes
                0x000001d2       0x31 FreeRTOS\timers.o
 .ARM.attributes
                0x00000203       0x31 TraceRecorder\TraceRecorder\streamports\Jlink_RTT\SEGGER_RTT.o
 .ARM.attributes
                0x00000234       0x31 TraceRecorder\TraceRecorder\streamports\Jlink_RTT\trcStreamingPort.o
 .ARM.attributes
                0x00000265       0x31 TraceRecorder\TraceRecorder\trcKernelPort.o
 .ARM.attributes
                0x00000296       0x31 TraceRecorder\TraceRecorder\trcSnapshotRecorder.o
 .ARM.attributes
                0x000002c7       0x31 TraceRecorder\TraceRecorder\trcStreamingRecorder.o
 .ARM.attributes
                0x000002f8       0x31 app\src\main.o
 .ARM.attributes
                0x00000329       0x31 app\src\printf-stdarg.o
 .ARM.attributes
                0x0000035a       0x31 app\src\stm32f0xx_it.o
 .ARM.attributes
                0x0000038b       0x31 bsp\src\bsp.o
 .ARM.attributes
                0x000003bc       0x31 bsp\src\delay.o
 .ARM.attributes
                0x000003ed       0x31 bsp\src\factory_io.o
 .ARM.attributes
                0x0000041e       0x21 cmsis\device\src\startup_stm32f072xb.o
 .ARM.attributes
                0x0000043f       0x31 cmsis\device\src\system_stm32f0xx.o
 .ARM.attributes
                0x00000470       0x2c c:/program files (x86)/atollic/truestudio for stm32 9.3.0/armtools/bin/../lib/gcc/arm-atollic-eabi/6.3.1/../../../../arm-atollic-eabi/lib/armv6-m\libc_nano.a(lib_a-init.o)
 .ARM.attributes
                0x0000049c       0x2c c:/program files (x86)/atollic/truestudio for stm32 9.3.0/armtools/bin/../lib/gcc/arm-atollic-eabi/6.3.1/../../../../arm-atollic-eabi/lib/armv6-m\libc_nano.a(lib_a-memcpy-stub.o)
 .ARM.attributes
                0x000004c8       0x2c c:/program files (x86)/atollic/truestudio for stm32 9.3.0/armtools/bin/../lib/gcc/arm-atollic-eabi/6.3.1/../../../../arm-atollic-eabi/lib/armv6-m\libc_nano.a(lib_a-memset.o)
 .ARM.attributes
                0x000004f4       0x1c c:/program files (x86)/atollic/truestudio for stm32 9.3.0/armtools/bin/../lib/gcc/arm-atollic-eabi/6.3.1/../../../../arm-atollic-eabi/lib/armv6-m\libc_nano.a(lib_a-strlen.o)
 .ARM.attributes
                0x00000510       0x1e c:/program files (x86)/atollic/truestudio for stm32 9.3.0/armtools/bin/../lib/gcc/arm-atollic-eabi/6.3.1/armv6-m\libgcc.a(_udivsi3.o)
 .ARM.attributes
                0x0000052e       0x1e c:/program files (x86)/atollic/truestudio for stm32 9.3.0/armtools/bin/../lib/gcc/arm-atollic-eabi/6.3.1/armv6-m\libgcc.a(_divsi3.o)
 .ARM.attributes
                0x0000054c       0x1e c:/program files (x86)/atollic/truestudio for stm32 9.3.0/armtools/bin/../lib/gcc/arm-atollic-eabi/6.3.1/armv6-m\libgcc.a(_dvmd_tls.o)
 .ARM.attributes
                0x0000056a       0x2c c:/program files (x86)/atollic/truestudio for stm32 9.3.0/armtools/bin/../lib/gcc/arm-atollic-eabi/6.3.1/armv6-m/crtend.o
 .ARM.attributes
                0x00000596       0x1e c:/program files (x86)/atollic/truestudio for stm32 9.3.0/armtools/bin/../lib/gcc/arm-atollic-eabi/6.3.1/armv6-m/crtn.o
OUTPUT(TP_OSTR_PALETISEUR.elf elf32-littlearm)

.debug_info     0x00000000    0x1132d
 .debug_info    0x00000000      0x2a3 FreeRTOS\croutine.o
 .debug_info    0x000002a3     0x10cc FreeRTOS\event_groups.o
 .debug_info    0x0000136f      0xcc6 FreeRTOS\list.o
 .debug_info    0x00002035      0x472 FreeRTOS\portable\GCC\ARM_CM0\port.o
 .debug_info    0x000024a7      0xb80 FreeRTOS\portable\MemMang\heap_1.o
 .debug_info    0x00003027     0x186d FreeRTOS\queue.o
 .debug_info    0x00004894     0x15cb FreeRTOS\stream_buffer.o
 .debug_info    0x00005e5f     0x22ce FreeRTOS\tasks.o
 .debug_info    0x0000812d     0x145d FreeRTOS\timers.o
 .debug_info    0x0000958a     0x1536 TraceRecorder\TraceRecorder\streamports\Jlink_RTT\SEGGER_RTT.o
 .debug_info    0x0000aac0      0x369 TraceRecorder\TraceRecorder\streamports\Jlink_RTT\trcStreamingPort.o
 .debug_info    0x0000ae29      0x998 TraceRecorder\TraceRecorder\trcKernelPort.o
 .debug_info    0x0000b7c1      0x2a3 TraceRecorder\TraceRecorder\trcSnapshotRecorder.o
 .debug_info    0x0000ba64     0x2b13 TraceRecorder\TraceRecorder\trcStreamingRecorder.o
 .debug_info    0x0000e577     0x1532 app\src\main.o
 .debug_info    0x0000faa9      0x4c5 app\src\printf-stdarg.o
 .debug_info    0x0000ff6e      0x379 app\src\stm32f0xx_it.o
 .debug_info    0x000102e7      0x79d bsp\src\bsp.o
 .debug_info    0x00010a84      0x14b bsp\src\delay.o
 .debug_info    0x00010bcf      0x460 bsp\src\factory_io.o
 .debug_info    0x0001102f       0xb4 cmsis\device\src\startup_stm32f072xb.o
 .debug_info    0x000110e3      0x24a cmsis\device\src\system_stm32f0xx.o

.debug_abbrev   0x00000000     0x2834
 .debug_abbrev  0x00000000       0xa9 FreeRTOS\croutine.o
 .debug_abbrev  0x000000a9      0x261 FreeRTOS\event_groups.o
 .debug_abbrev  0x0000030a      0x1cc FreeRTOS\list.o
 .debug_abbrev  0x000004d6      0x1e0 FreeRTOS\portable\GCC\ARM_CM0\port.o
 .debug_abbrev  0x000006b6      0x1fc FreeRTOS\portable\MemMang\heap_1.o
 .debug_abbrev  0x000008b2      0x269 FreeRTOS\queue.o
 .debug_abbrev  0x00000b1b      0x294 FreeRTOS\stream_buffer.o
 .debug_abbrev  0x00000daf      0x30d FreeRTOS\tasks.o
 .debug_abbrev  0x000010bc      0x28f FreeRTOS\timers.o
 .debug_abbrev  0x0000134b      0x27c TraceRecorder\TraceRecorder\streamports\Jlink_RTT\SEGGER_RTT.o
 .debug_abbrev  0x000015c7      0x108 TraceRecorder\TraceRecorder\streamports\Jlink_RTT\trcStreamingPort.o
 .debug_abbrev  0x000016cf      0x258 TraceRecorder\TraceRecorder\trcKernelPort.o
 .debug_abbrev  0x00001927       0xa9 TraceRecorder\TraceRecorder\trcSnapshotRecorder.o
 .debug_abbrev  0x000019d0      0x3e4 TraceRecorder\TraceRecorder\trcStreamingRecorder.o
 .debug_abbrev  0x00001db4      0x2f2 app\src\main.o
 .debug_abbrev  0x000020a6      0x189 app\src\printf-stdarg.o
 .debug_abbrev  0x0000222f      0x13e app\src\stm32f0xx_it.o
 .debug_abbrev  0x0000236d      0x198 bsp\src\bsp.o
 .debug_abbrev  0x00002505       0xb1 bsp\src\delay.o
 .debug_abbrev  0x000025b6      0x16f bsp\src\factory_io.o
 .debug_abbrev  0x00002725       0x12 cmsis\device\src\startup_stm32f072xb.o
 .debug_abbrev  0x00002737       0xfd cmsis\device\src\system_stm32f0xx.o

.debug_aranges  0x00000000      0x2b8
 .debug_aranges
                0x00000000       0x18 FreeRTOS\croutine.o
 .debug_aranges
                0x00000018       0x20 FreeRTOS\event_groups.o
 .debug_aranges
                0x00000038       0x20 FreeRTOS\list.o
 .debug_aranges
                0x00000058       0x20 FreeRTOS\portable\GCC\ARM_CM0\port.o
 .debug_aranges
                0x00000078       0x20 FreeRTOS\portable\MemMang\heap_1.o
 .debug_aranges
                0x00000098       0x20 FreeRTOS\queue.o
 .debug_aranges
                0x000000b8       0x20 FreeRTOS\stream_buffer.o
 .debug_aranges
                0x000000d8       0x20 FreeRTOS\tasks.o
 .debug_aranges
                0x000000f8       0x20 FreeRTOS\timers.o
 .debug_aranges
                0x00000118       0x20 TraceRecorder\TraceRecorder\streamports\Jlink_RTT\SEGGER_RTT.o
 .debug_aranges
                0x00000138       0x20 TraceRecorder\TraceRecorder\streamports\Jlink_RTT\trcStreamingPort.o
 .debug_aranges
                0x00000158       0x20 TraceRecorder\TraceRecorder\trcKernelPort.o
 .debug_aranges
                0x00000178       0x18 TraceRecorder\TraceRecorder\trcSnapshotRecorder.o
 .debug_aranges
                0x00000190       0x20 TraceRecorder\TraceRecorder\trcStreamingRecorder.o
 .debug_aranges
                0x000001b0       0x20 app\src\main.o
 .debug_aranges
                0x000001d0       0x20 app\src\printf-stdarg.o
 .debug_aranges
                0x000001f0       0x20 app\src\stm32f0xx_it.o
 .debug_aranges
                0x00000210       0x20 bsp\src\bsp.o
 .debug_aranges
                0x00000230       0x20 bsp\src\delay.o
 .debug_aranges
                0x00000250       0x20 bsp\src\factory_io.o
 .debug_aranges
                0x00000270       0x28 cmsis\device\src\startup_stm32f072xb.o
 .debug_aranges
                0x00000298       0x20 cmsis\device\src\system_stm32f0xx.o

.debug_line     0x00000000     0x7d00
 .debug_line    0x00000000      0x2d8 FreeRTOS\croutine.o
 .debug_line    0x000002d8      0x71b FreeRTOS\event_groups.o
 .debug_line    0x000009f3      0x53c FreeRTOS\list.o
 .debug_line    0x00000f2f      0x48d FreeRTOS\portable\GCC\ARM_CM0\port.o
 .debug_line    0x000013bc      0x438 FreeRTOS\portable\MemMang\heap_1.o
 .debug_line    0x000017f4      0xdcc FreeRTOS\queue.o
 .debug_line    0x000025c0      0x75e FreeRTOS\stream_buffer.o
 .debug_line    0x00002d1e      0xf3a FreeRTOS\tasks.o
 .debug_line    0x00003c58      0x6f9 FreeRTOS\timers.o
 .debug_line    0x00004351      0x43c TraceRecorder\TraceRecorder\streamports\Jlink_RTT\SEGGER_RTT.o
 .debug_line    0x0000478d      0x33f TraceRecorder\TraceRecorder\streamports\Jlink_RTT\trcStreamingPort.o
 .debug_line    0x00004acc      0x50d TraceRecorder\TraceRecorder\trcKernelPort.o
 .debug_line    0x00004fd9      0x2d8 TraceRecorder\TraceRecorder\trcSnapshotRecorder.o
 .debug_line    0x000052b1      0xc53 TraceRecorder\TraceRecorder\trcStreamingRecorder.o
 .debug_line    0x00005f04      0x963 app\src\main.o
 .debug_line    0x00006867      0x36f app\src\printf-stdarg.o
 .debug_line    0x00006bd6      0x4b7 app\src\stm32f0xx_it.o
 .debug_line    0x0000708d      0x45e bsp\src\bsp.o
 .debug_line    0x000074eb      0x1ca bsp\src\delay.o
 .debug_line    0x000076b5      0x3bd bsp\src\factory_io.o
 .debug_line    0x00007a72       0x8c cmsis\device\src\startup_stm32f072xb.o
 .debug_line    0x00007afe      0x202 cmsis\device\src\system_stm32f0xx.o

.debug_str      0x00000000     0x424f
 .debug_str     0x00000000      0x296 FreeRTOS\croutine.o
                                0x2f7 (size before relaxing)
 .debug_str     0x00000296      0x74b FreeRTOS\event_groups.o
                                0xab9 (size before relaxing)
 .debug_str     0x000009e1       0xa0 FreeRTOS\list.o
                                0x858 (size before relaxing)
 .debug_str     0x00000a81      0x19e FreeRTOS\portable\GCC\ARM_CM0\port.o
                                0x4a0 (size before relaxing)
 .debug_str     0x00000c1f       0xa8 FreeRTOS\portable\MemMang\heap_1.o
                                0x7ae (size before relaxing)
 .debug_str     0x00000cc7      0x55f FreeRTOS\queue.o
                                0xd97 (size before relaxing)
 .debug_str     0x00001226      0x4f7 FreeRTOS\stream_buffer.o
                                0xce7 (size before relaxing)
 .debug_str     0x0000171d      0xc8f FreeRTOS\tasks.o
                               0x15e8 (size before relaxing)
 .debug_str     0x000023ac      0x46b FreeRTOS\timers.o
                                0xce8 (size before relaxing)
 .debug_str     0x00002817      0x35f TraceRecorder\TraceRecorder\streamports\Jlink_RTT\SEGGER_RTT.o
                                0x9b1 (size before relaxing)
 .debug_str     0x00002b76       0xa5 TraceRecorder\TraceRecorder\streamports\Jlink_RTT\trcStreamingPort.o
                                0x392 (size before relaxing)
 .debug_str     0x00002c1b      0x43b TraceRecorder\TraceRecorder\trcKernelPort.o
                                0x79d (size before relaxing)
 .debug_str     0x00003056       0x35 TraceRecorder\TraceRecorder\trcSnapshotRecorder.o
                                0x315 (size before relaxing)
 .debug_str     0x0000308b      0x963 TraceRecorder\TraceRecorder\trcStreamingRecorder.o
                               0x11f8 (size before relaxing)
 .debug_str     0x000039ee      0x589 app\src\main.o
                                0xd5b (size before relaxing)
 .debug_str     0x00003f77       0x7c app\src\printf-stdarg.o
                                0x2b1 (size before relaxing)
 .debug_str     0x00003ff3       0x68 app\src\stm32f0xx_it.o
                                0x3b6 (size before relaxing)
 .debug_str     0x0000405b       0xf5 bsp\src\bsp.o
                                0x4cd (size before relaxing)
 .debug_str     0x00004150       0x2b bsp\src\delay.o
                                0x1f0 (size before relaxing)
 .debug_str     0x0000417b       0x6d bsp\src\factory_io.o
                                0x38e (size before relaxing)
 .debug_str     0x000041e8       0x67 cmsis\device\src\system_stm32f0xx.o
                                0x27f (size before relaxing)

.comment        0x00000000       0x7c
 .comment       0x00000000       0x7c FreeRTOS\croutine.o
                                 0x7d (size before relaxing)
 .comment       0x0000007c       0x7d FreeRTOS\event_groups.o
 .comment       0x0000007c       0x7d FreeRTOS\list.o
 .comment       0x0000007c       0x7d FreeRTOS\portable\GCC\ARM_CM0\port.o
 .comment       0x0000007c       0x7d FreeRTOS\portable\MemMang\heap_1.o
 .comment       0x0000007c       0x7d FreeRTOS\queue.o
 .comment       0x0000007c       0x7d FreeRTOS\stream_buffer.o
 .comment       0x0000007c       0x7d FreeRTOS\tasks.o
 .comment       0x0000007c       0x7d FreeRTOS\timers.o
 .comment       0x0000007c       0x7d TraceRecorder\TraceRecorder\streamports\Jlink_RTT\SEGGER_RTT.o
 .comment       0x0000007c       0x7d TraceRecorder\TraceRecorder\streamports\Jlink_RTT\trcStreamingPort.o
 .comment       0x0000007c       0x7d TraceRecorder\TraceRecorder\trcKernelPort.o
 .comment       0x0000007c       0x7d TraceRecorder\TraceRecorder\trcSnapshotRecorder.o
 .comment       0x0000007c       0x7d TraceRecorder\TraceRecorder\trcStreamingRecorder.o
 .comment       0x0000007c       0x7d app\src\main.o
 .comment       0x0000007c       0x7d app\src\printf-stdarg.o
 .comment       0x0000007c       0x7d app\src\stm32f0xx_it.o
 .comment       0x0000007c       0x7d bsp\src\bsp.o
 .comment       0x0000007c       0x7d bsp\src\delay.o
 .comment       0x0000007c       0x7d bsp\src\factory_io.o
 .comment       0x0000007c       0x7d cmsis\device\src\system_stm32f0xx.o

.debug_frame    0x00000000     0x2808
 .debug_frame   0x00000000      0x190 FreeRTOS\event_groups.o
 .debug_frame   0x00000190       0xb0 FreeRTOS\list.o
 .debug_frame   0x00000240      0x174 FreeRTOS\portable\GCC\ARM_CM0\port.o
 .debug_frame   0x000003b4       0x88 FreeRTOS\portable\MemMang\heap_1.o
 .debug_frame   0x0000043c      0x3d0 FreeRTOS\queue.o
 .debug_frame   0x0000080c      0x310 FreeRTOS\stream_buffer.o
 .debug_frame   0x00000b1c      0x798 FreeRTOS\tasks.o
 .debug_frame   0x000012b4      0x308 FreeRTOS\timers.o
 .debug_frame   0x000015bc      0x36c TraceRecorder\TraceRecorder\streamports\Jlink_RTT\SEGGER_RTT.o
 .debug_frame   0x00001928       0x50 TraceRecorder\TraceRecorder\streamports\Jlink_RTT\trcStreamingPort.o
 .debug_frame   0x00001978      0x364 TraceRecorder\TraceRecorder\trcKernelPort.o
 .debug_frame   0x00001cdc      0x5a0 TraceRecorder\TraceRecorder\trcStreamingRecorder.o
 .debug_frame   0x0000227c      0x150 app\src\main.o
 .debug_frame   0x000023cc       0xe0 app\src\printf-stdarg.o
 .debug_frame   0x000024ac       0x68 app\src\stm32f0xx_it.o
 .debug_frame   0x00002514      0x134 bsp\src\bsp.o
 .debug_frame   0x00002648       0x50 bsp\src\delay.o
 .debug_frame   0x00002698       0x70 bsp\src\factory_io.o
 .debug_frame   0x00002708       0x4c cmsis\device\src\system_stm32f0xx.o
 .debug_frame   0x00002754       0x2c c:/program files (x86)/atollic/truestudio for stm32 9.3.0/armtools/bin/../lib/gcc/arm-atollic-eabi/6.3.1/../../../../arm-atollic-eabi/lib/armv6-m\libc_nano.a(lib_a-init.o)
 .debug_frame   0x00002780       0x28 c:/program files (x86)/atollic/truestudio for stm32 9.3.0/armtools/bin/../lib/gcc/arm-atollic-eabi/6.3.1/../../../../arm-atollic-eabi/lib/armv6-m\libc_nano.a(lib_a-memcpy-stub.o)
 .debug_frame   0x000027a8       0x20 c:/program files (x86)/atollic/truestudio for stm32 9.3.0/armtools/bin/../lib/gcc/arm-atollic-eabi/6.3.1/../../../../arm-atollic-eabi/lib/armv6-m\libc_nano.a(lib_a-memset.o)
 .debug_frame   0x000027c8       0x20 c:/program files (x86)/atollic/truestudio for stm32 9.3.0/armtools/bin/../lib/gcc/arm-atollic-eabi/6.3.1/armv6-m\libgcc.a(_udivsi3.o)
 .debug_frame   0x000027e8       0x20 c:/program files (x86)/atollic/truestudio for stm32 9.3.0/armtools/bin/../lib/gcc/arm-atollic-eabi/6.3.1/armv6-m\libgcc.a(_divsi3.o)

.debug_ranges   0x00000000       0x20
 .debug_ranges  0x00000000       0x20 cmsis\device\src\startup_stm32f072xb.o

Cross Reference Table

Symbol                                            File
ADC1_COMP_IRQHandler                              cmsis\device\src\startup_stm32f072xb.o
AHBPrescTable                                     cmsis\device\src\system_stm32f0xx.o
APBPrescTable                                     cmsis\device\src\system_stm32f0xx.o
BSP_Console_Init                                  bsp\src\bsp.o
                                                  app\src\main.o
BSP_I2C1_Read                                     bsp\src\bsp.o
BSP_I2C1_Write                                    bsp\src\bsp.o
BSP_LED_Init                                      bsp\src\bsp.o
                                                  app\src\main.o
BSP_LED_Off                                       bsp\src\bsp.o
BSP_LED_On                                        bsp\src\bsp.o
BSP_LED_Toggle                                    bsp\src\bsp.o
                                                  app\src\main.o
BSP_PB_GetState                                   bsp\src\bsp.o
                                                  app\src\main.o
BSP_PB_Init                                       bsp\src\bsp.o
                                                  app\src\main.o
CEC_CAN_IRQHandler                                cmsis\device\src\startup_stm32f072xb.o
CurrentFilterGroup                                TraceRecorder\TraceRecorder\trcStreamingRecorder.o
                                                  FreeRTOS\tasks.o
                                                  FreeRTOS\queue.o
                                                  FreeRTOS\event_groups.o
CurrentFilterMask                                 TraceRecorder\TraceRecorder\trcStreamingRecorder.o
                                                  FreeRTOS\tasks.o
                                                  FreeRTOS\queue.o
                                                  FreeRTOS\event_groups.o
DMA1_Channel1_IRQHandler                          cmsis\device\src\startup_stm32f072xb.o
DMA1_Channel2_3_IRQHandler                        cmsis\device\src\startup_stm32f072xb.o
DMA1_Channel4_5_6_7_IRQHandler                    app\src\stm32f0xx_it.o
Default_Handler                                   cmsis\device\src\startup_stm32f072xb.o
DroppedEventCounter                               TraceRecorder\TraceRecorder\trcStreamingRecorder.o
EXTI0_1_IRQHandler                                cmsis\device\src\startup_stm32f072xb.o
EXTI2_3_IRQHandler                                cmsis\device\src\startup_stm32f072xb.o
EXTI4_15_IRQHandler                               cmsis\device\src\startup_stm32f072xb.o
EventBuffer                                       TraceRecorder\TraceRecorder\trcStreamingRecorder.o
FACTORY_IO_Actuators_Set                          bsp\src\factory_io.o
                                                  app\src\main.o
FACTORY_IO_Sensors_Get                            bsp\src\factory_io.o
                                                  app\src\main.o
FACTORY_IO_update                                 bsp\src\factory_io.o
                                                  app\src\main.o
FLASH_IRQHandler                                  cmsis\device\src\startup_stm32f072xb.o
HardFault_Handler                                 app\src\stm32f0xx_it.o
I2C1_IRQHandler                                   cmsis\device\src\startup_stm32f072xb.o
I2C1_Init                                         bsp\src\bsp.o
I2C2_IRQHandler                                   cmsis\device\src\startup_stm32f072xb.o
LongestSymbolName                                 TraceRecorder\TraceRecorder\trcStreamingRecorder.o
                                                  TraceRecorder\TraceRecorder\trcKernelPort.o
MaxBytesTruncated                                 TraceRecorder\TraceRecorder\trcStreamingRecorder.o
                                                  TraceRecorder\TraceRecorder\trcKernelPort.o
MyWrapper_xQueueGiveFromISR                       FreeRTOS\queue.o
NMI_Handler                                       app\src\stm32f0xx_it.o
NoRoomForObjectData                               TraceRecorder\TraceRecorder\trcStreamingRecorder.o
                                                  TraceRecorder\TraceRecorder\trcKernelPort.o
NoRoomForSymbol                                   TraceRecorder\TraceRecorder\trcStreamingRecorder.o
                                                  TraceRecorder\TraceRecorder\trcKernelPort.o
PSFExtensionInfo                                  TraceRecorder\TraceRecorder\trcStreamingRecorder.o
PVD_VDDIO2_IRQHandler                             cmsis\device\src\startup_stm32f072xb.o
PageInfo                                          TraceRecorder\TraceRecorder\trcStreamingRecorder.o
PendSV_Handler                                    FreeRTOS\portable\GCC\ARM_CM0\port.o
RCC_CRS_IRQHandler                                cmsis\device\src\startup_stm32f072xb.o
RTC_IRQHandler                                    cmsis\device\src\startup_stm32f072xb.o
RecorderEnabled                                   TraceRecorder\TraceRecorder\trcStreamingRecorder.o
                                                  TraceRecorder\TraceRecorder\trcKernelPort.o
Reset_Handler                                     cmsis\device\src\startup_stm32f072xb.o
SEGGER_RTT_AllocDownBuffer                        TraceRecorder\TraceRecorder\streamports\Jlink_RTT\SEGGER_RTT.o
SEGGER_RTT_AllocUpBuffer                          TraceRecorder\TraceRecorder\streamports\Jlink_RTT\SEGGER_RTT.o
SEGGER_RTT_ConfigDownBuffer                       TraceRecorder\TraceRecorder\streamports\Jlink_RTT\SEGGER_RTT.o
                                                  TraceRecorder\TraceRecorder\trcKernelPort.o
SEGGER_RTT_ConfigUpBuffer                         TraceRecorder\TraceRecorder\streamports\Jlink_RTT\SEGGER_RTT.o
                                                  TraceRecorder\TraceRecorder\trcKernelPort.o
SEGGER_RTT_GetKey                                 TraceRecorder\TraceRecorder\streamports\Jlink_RTT\SEGGER_RTT.o
SEGGER_RTT_HasData                                TraceRecorder\TraceRecorder\streamports\Jlink_RTT\SEGGER_RTT.o
SEGGER_RTT_HasKey                                 TraceRecorder\TraceRecorder\streamports\Jlink_RTT\SEGGER_RTT.o
SEGGER_RTT_Init                                   TraceRecorder\TraceRecorder\streamports\Jlink_RTT\SEGGER_RTT.o
SEGGER_RTT_Read                                   TraceRecorder\TraceRecorder\streamports\Jlink_RTT\SEGGER_RTT.o
                                                  TraceRecorder\TraceRecorder\streamports\Jlink_RTT\trcStreamingPort.o
SEGGER_RTT_ReadNoLock                             TraceRecorder\TraceRecorder\streamports\Jlink_RTT\SEGGER_RTT.o
SEGGER_RTT_SetFlagsDownBuffer                     TraceRecorder\TraceRecorder\streamports\Jlink_RTT\SEGGER_RTT.o
SEGGER_RTT_SetFlagsUpBuffer                       TraceRecorder\TraceRecorder\streamports\Jlink_RTT\SEGGER_RTT.o
SEGGER_RTT_SetNameDownBuffer                      TraceRecorder\TraceRecorder\streamports\Jlink_RTT\SEGGER_RTT.o
SEGGER_RTT_SetNameUpBuffer                        TraceRecorder\TraceRecorder\streamports\Jlink_RTT\SEGGER_RTT.o
SEGGER_RTT_SetTerminal                            TraceRecorder\TraceRecorder\streamports\Jlink_RTT\SEGGER_RTT.o
SEGGER_RTT_TerminalOut                            TraceRecorder\TraceRecorder\streamports\Jlink_RTT\SEGGER_RTT.o
SEGGER_RTT_WaitKey                                TraceRecorder\TraceRecorder\streamports\Jlink_RTT\SEGGER_RTT.o
SEGGER_RTT_Write                                  TraceRecorder\TraceRecorder\streamports\Jlink_RTT\SEGGER_RTT.o
                                                  TraceRecorder\TraceRecorder\streamports\Jlink_RTT\trcStreamingPort.o
SEGGER_RTT_WriteNoLock                            TraceRecorder\TraceRecorder\streamports\Jlink_RTT\SEGGER_RTT.o
SEGGER_RTT_WriteSkipNoLock                        TraceRecorder\TraceRecorder\streamports\Jlink_RTT\SEGGER_RTT.o
SEGGER_RTT_WriteString                            TraceRecorder\TraceRecorder\streamports\Jlink_RTT\SEGGER_RTT.o
SEGGER_RTT_WriteWithOverwriteNoLock               TraceRecorder\TraceRecorder\streamports\Jlink_RTT\SEGGER_RTT.o
SPI1_IRQHandler                                   cmsis\device\src\startup_stm32f072xb.o
SPI2_IRQHandler                                   cmsis\device\src\startup_stm32f072xb.o
SVC_Handler                                       FreeRTOS\portable\GCC\ARM_CM0\port.o
Synchro                                           app\src\main.o
SysTick_Handler                                   FreeRTOS\portable\GCC\ARM_CM0\port.o
SystemCoreClock                                   cmsis\device\src\system_stm32f0xx.o
SystemCoreClockUpdate                             cmsis\device\src\system_stm32f0xx.o
                                                  app\src\main.o
SystemInit                                        cmsis\device\src\system_stm32f0xx.o
                                                  cmsis\device\src\startup_stm32f072xb.o
TIM14_IRQHandler                                  cmsis\device\src\startup_stm32f072xb.o
TIM15_IRQHandler                                  cmsis\device\src\startup_stm32f072xb.o
TIM16_IRQHandler                                  cmsis\device\src\startup_stm32f072xb.o
TIM17_IRQHandler                                  cmsis\device\src\startup_stm32f072xb.o
TIM1_BRK_UP_TRG_COM_IRQHandler                    cmsis\device\src\startup_stm32f072xb.o
TIM1_CC_IRQHandler                                cmsis\device\src\startup_stm32f072xb.o
TIM2_IRQHandler                                   cmsis\device\src\startup_stm32f072xb.o
TIM3_IRQHandler                                   cmsis\device\src\startup_stm32f072xb.o
TIM6_DAC_IRQHandler                               cmsis\device\src\startup_stm32f072xb.o
TIM7_IRQHandler                                   cmsis\device\src\startup_stm32f072xb.o
TSC_IRQHandler                                    cmsis\device\src\startup_stm32f072xb.o
TotalBytesRemaining                               TraceRecorder\TraceRecorder\trcStreamingRecorder.o
TotalBytesRemaining_LowWaterMark                  TraceRecorder\TraceRecorder\trcStreamingRecorder.o
USART1_IRQHandler                                 cmsis\device\src\startup_stm32f072xb.o
USART2_IRQHandler                                 cmsis\device\src\startup_stm32f072xb.o
USART3_4_IRQHandler                               cmsis\device\src\startup_stm32f072xb.o
USB_IRQHandler                                    cmsis\device\src\startup_stm32f072xb.o
WWDG_IRQHandler                                   cmsis\device\src\startup_stm32f072xb.o
_SEGGER_RTT                                       TraceRecorder\TraceRecorder\streamports\Jlink_RTT\SEGGER_RTT.o
                                                  TraceRecorder\TraceRecorder\streamports\Jlink_RTT\trcStreamingPort.o
_TzTraceData                                      TraceRecorder\TraceRecorder\trcKernelPort.o
__aeabi_idiv                                      c:/program files (x86)/atollic/truestudio for stm32 9.3.0/armtools/bin/../lib/gcc/arm-atollic-eabi/6.3.1/armv6-m\libgcc.a(_divsi3.o)
__aeabi_idiv0                                     c:/program files (x86)/atollic/truestudio for stm32 9.3.0/armtools/bin/../lib/gcc/arm-atollic-eabi/6.3.1/armv6-m\libgcc.a(_dvmd_tls.o)
                                                  c:/program files (x86)/atollic/truestudio for stm32 9.3.0/armtools/bin/../lib/gcc/arm-atollic-eabi/6.3.1/armv6-m\libgcc.a(_divsi3.o)
                                                  c:/program files (x86)/atollic/truestudio for stm32 9.3.0/armtools/bin/../lib/gcc/arm-atollic-eabi/6.3.1/armv6-m\libgcc.a(_udivsi3.o)
__aeabi_idivmod                                   c:/program files (x86)/atollic/truestudio for stm32 9.3.0/armtools/bin/../lib/gcc/arm-atollic-eabi/6.3.1/armv6-m\libgcc.a(_divsi3.o)
                                                  TraceRecorder\TraceRecorder\trcStreamingRecorder.o
                                                  TraceRecorder\TraceRecorder\trcKernelPort.o
__aeabi_ldiv0                                     c:/program files (x86)/atollic/truestudio for stm32 9.3.0/armtools/bin/../lib/gcc/arm-atollic-eabi/6.3.1/armv6-m\libgcc.a(_dvmd_tls.o)
__aeabi_uidiv                                     c:/program files (x86)/atollic/truestudio for stm32 9.3.0/armtools/bin/../lib/gcc/arm-atollic-eabi/6.3.1/armv6-m\libgcc.a(_udivsi3.o)
                                                  cmsis\device\src\system_stm32f0xx.o
                                                  app\src\printf-stdarg.o
                                                  FreeRTOS\queue.o
__aeabi_uidivmod                                  c:/program files (x86)/atollic/truestudio for stm32 9.3.0/armtools/bin/../lib/gcc/arm-atollic-eabi/6.3.1/armv6-m\libgcc.a(_udivsi3.o)
                                                  app\src\printf-stdarg.o
__deregister_frame_info                           c:/program files (x86)/atollic/truestudio for stm32 9.3.0/armtools/bin/../lib/gcc/arm-atollic-eabi/6.3.1/armv6-m/crtbegin.o
__divsi3                                          c:/program files (x86)/atollic/truestudio for stm32 9.3.0/armtools/bin/../lib/gcc/arm-atollic-eabi/6.3.1/armv6-m\libgcc.a(_divsi3.o)
__dso_handle                                      c:/program files (x86)/atollic/truestudio for stm32 9.3.0/armtools/bin/../lib/gcc/arm-atollic-eabi/6.3.1/armv6-m/crtbegin.o
__init_array_end                                  c:/program files (x86)/atollic/truestudio for stm32 9.3.0/armtools/bin/../lib/gcc/arm-atollic-eabi/6.3.1/../../../../arm-atollic-eabi/lib/armv6-m\libc_nano.a(lib_a-init.o)
__init_array_start                                c:/program files (x86)/atollic/truestudio for stm32 9.3.0/armtools/bin/../lib/gcc/arm-atollic-eabi/6.3.1/../../../../arm-atollic-eabi/lib/armv6-m\libc_nano.a(lib_a-init.o)
__libc_init_array                                 c:/program files (x86)/atollic/truestudio for stm32 9.3.0/armtools/bin/../lib/gcc/arm-atollic-eabi/6.3.1/../../../../arm-atollic-eabi/lib/armv6-m\libc_nano.a(lib_a-init.o)
                                                  cmsis\device\src\startup_stm32f072xb.o
__preinit_array_end                               c:/program files (x86)/atollic/truestudio for stm32 9.3.0/armtools/bin/../lib/gcc/arm-atollic-eabi/6.3.1/../../../../arm-atollic-eabi/lib/armv6-m\libc_nano.a(lib_a-init.o)
__preinit_array_start                             c:/program files (x86)/atollic/truestudio for stm32 9.3.0/armtools/bin/../lib/gcc/arm-atollic-eabi/6.3.1/../../../../arm-atollic-eabi/lib/armv6-m\libc_nano.a(lib_a-init.o)
__register_frame_info                             c:/program files (x86)/atollic/truestudio for stm32 9.3.0/armtools/bin/../lib/gcc/arm-atollic-eabi/6.3.1/armv6-m/crtbegin.o
__udivsi3                                         c:/program files (x86)/atollic/truestudio for stm32 9.3.0/armtools/bin/../lib/gcc/arm-atollic-eabi/6.3.1/armv6-m\libgcc.a(_udivsi3.o)
_ebss                                             cmsis\device\src\startup_stm32f072xb.o
_edata                                            cmsis\device\src\startup_stm32f072xb.o
_estack                                           cmsis\device\src\startup_stm32f072xb.o
_fini                                             c:/program files (x86)/atollic/truestudio for stm32 9.3.0/armtools/bin/../lib/gcc/arm-atollic-eabi/6.3.1/armv6-m/crti.o
_init                                             c:/program files (x86)/atollic/truestudio for stm32 9.3.0/armtools/bin/../lib/gcc/arm-atollic-eabi/6.3.1/armv6-m/crti.o
                                                  c:/program files (x86)/atollic/truestudio for stm32 9.3.0/armtools/bin/../lib/gcc/arm-atollic-eabi/6.3.1/../../../../arm-atollic-eabi/lib/armv6-m\libc_nano.a(lib_a-init.o)
_sbss                                             cmsis\device\src\startup_stm32f072xb.o
_sdata                                            cmsis\device\src\startup_stm32f072xb.o
_sidata                                           cmsis\device\src\startup_stm32f072xb.o
buffer                                            app\src\main.o
                                                  bsp\src\factory_io.o
                                                  bsp\src\bsp.o
compt_carton                                      app\src\main.o
compt_entree_paletiseur                           app\src\main.o
delay_ms                                          bsp\src\delay.o
delay_us                                          bsp\src\delay.o
eTaskGetState                                     FreeRTOS\tasks.o
free_heap_size                                    app\src\main.o
g_pfnVectors                                      cmsis\device\src\startup_stm32f072xb.o
isPendingContextSwitch                            TraceRecorder\TraceRecorder\trcStreamingRecorder.o
main                                              app\src\main.o
                                                  cmsis\device\src\startup_stm32f072xb.o
memcpy                                            c:/program files (x86)/atollic/truestudio for stm32 9.3.0/armtools/bin/../lib/gcc/arm-atollic-eabi/6.3.1/../../../../arm-atollic-eabi/lib/armv6-m\libc_nano.a(lib_a-memcpy-stub.o)
                                                  TraceRecorder\TraceRecorder\trcStreamingRecorder.o
[...]
                                                  TraceRecorder\TraceRecorder\trcKernelPort.o
ucStreamBufferGetStreamBufferType                 FreeRTOS\stream_buffer.o
uiTraceSystemState                                TraceRecorder\TraceRecorder\trcStreamingRecorder.o
                                                  FreeRTOS\tasks.o
uiTraceTickCount                                  TraceRecorder\TraceRecorder\trcStreamingRecorder.o
                                                  FreeRTOS\tasks.o
ulSetInterruptMaskFromISR                         FreeRTOS\portable\GCC\ARM_CM0\port.o
                                                  FreeRTOS\tasks.o
                                                  FreeRTOS\stream_buffer.o
                                                  FreeRTOS\queue.o
                                                  FreeRTOS\event_groups.o
ulTaskGenericNotifyTake                           FreeRTOS\tasks.o
ulTaskGenericNotifyValueClear                     FreeRTOS\tasks.o
uxEventGroupGetNumber                             FreeRTOS\event_groups.o
                                                  TraceRecorder\TraceRecorder\trcKernelPort.o
uxListRemove                                      FreeRTOS\list.o
                                                  FreeRTOS\timers.o
                                                  FreeRTOS\tasks.o
uxQueueGetQueueNumber                             FreeRTOS\queue.o
                                                  TraceRecorder\TraceRecorder\trcKernelPort.o
uxQueueMessagesWaiting                            FreeRTOS\queue.o
uxQueueMessagesWaitingFromISR                     FreeRTOS\queue.o
uxQueueSpacesAvailable                            FreeRTOS\queue.o
uxStreamBufferGetStreamBufferNumber               FreeRTOS\stream_buffer.o
uxTaskGetNumberOfTasks                            FreeRTOS\tasks.o
uxTaskGetStackHighWaterMark                       FreeRTOS\tasks.o
                                                  TraceRecorder\TraceRecorder\trcKernelPort.o
uxTaskGetSystemState                              FreeRTOS\tasks.o
uxTaskGetTaskNumber                               FreeRTOS\tasks.o
                                                  TraceRecorder\TraceRecorder\trcKernelPort.o
uxTaskPriorityGet                                 FreeRTOS\tasks.o
uxTaskPriorityGetFromISR                          FreeRTOS\tasks.o
uxTaskResetEventItemValue                         FreeRTOS\tasks.o
                                                  FreeRTOS\event_groups.o
uxTimerGetReloadMode                              FreeRTOS\timers.o
uxTimerGetTimerNumber                             FreeRTOS\timers.o
vApplicationIdleHook                              app\src\main.o
                                                  FreeRTOS\tasks.o
vClearInterruptMaskFromISR                        FreeRTOS\portable\GCC\ARM_CM0\port.o
                                                  FreeRTOS\tasks.o
                                                  FreeRTOS\stream_buffer.o
                                                  FreeRTOS\queue.o
                                                  FreeRTOS\event_groups.o
vEventGroupClearBitsCallback                      FreeRTOS\event_groups.o
vEventGroupDelete                                 FreeRTOS\event_groups.o
vEventGroupSetBitsCallback                        FreeRTOS\event_groups.o
vEventGroupSetNumber                              FreeRTOS\event_groups.o
                                                  TraceRecorder\TraceRecorder\trcKernelPort.o
vListInitialise                                   FreeRTOS\list.o
                                                  FreeRTOS\timers.o
                                                  FreeRTOS\tasks.o
                                                  FreeRTOS\queue.o
                                                  FreeRTOS\event_groups.o
vListInitialiseItem                               FreeRTOS\list.o
                                                  FreeRTOS\timers.o
                                                  FreeRTOS\tasks.o
vListInsert                                       FreeRTOS\list.o
                                                  FreeRTOS\timers.o
                                                  FreeRTOS\tasks.o
vListInsertEnd                                    FreeRTOS\list.o
                                                  FreeRTOS\tasks.o
vPortEndScheduler                                 FreeRTOS\portable\GCC\ARM_CM0\port.o
                                                  FreeRTOS\tasks.o
vPortEnterCritical                                FreeRTOS\portable\GCC\ARM_CM0\port.o
                                                  FreeRTOS\timers.o
                                                  FreeRTOS\tasks.o
                                                  FreeRTOS\stream_buffer.o
                                                  FreeRTOS\queue.o
                                                  FreeRTOS\event_groups.o
vPortExitCritical                                 FreeRTOS\portable\GCC\ARM_CM0\port.o
                                                  FreeRTOS\timers.o
                                                  FreeRTOS\tasks.o
                                                  FreeRTOS\stream_buffer.o
                                                  FreeRTOS\queue.o
                                                  FreeRTOS\event_groups.o
vPortFree                                         FreeRTOS\portable\MemMang\heap_1.o
                                                  FreeRTOS\timers.o
                                                  FreeRTOS\tasks.o
                                                  FreeRTOS\stream_buffer.o
                                                  FreeRTOS\queue.o
                                                  FreeRTOS\event_groups.o
vPortInitialiseBlocks                             FreeRTOS\portable\MemMang\heap_1.o
vPortSetupTimerInterrupt                          FreeRTOS\portable\GCC\ARM_CM0\port.o
vPortYield                                        FreeRTOS\portable\GCC\ARM_CM0\port.o
                                                  FreeRTOS\timers.o
                                                  FreeRTOS\tasks.o
                                                  FreeRTOS\queue.o
                                                  FreeRTOS\event_groups.o
vQueueDelete                                      FreeRTOS\queue.o
vQueueSetQueueNumber                              FreeRTOS\queue.o
                                                  TraceRecorder\TraceRecorder\trcKernelPort.o
vQueueWaitForMessageRestricted                    FreeRTOS\queue.o
                                                  FreeRTOS\timers.o
vStreamBufferDelete                               FreeRTOS\stream_buffer.o
vStreamBufferSetStreamBufferNumber                FreeRTOS\stream_buffer.o
vTaskDelay                                        FreeRTOS\tasks.o
                                                  app\src\main.o
                                                  TraceRecorder\TraceRecorder\trcKernelPort.o
vTaskDelayUntil                                   FreeRTOS\tasks.o
                                                  app\src\main.o
vTaskDelete                                       FreeRTOS\tasks.o
vTaskEndScheduler                                 FreeRTOS\tasks.o
vTaskGenericNotifyGiveFromISR                     FreeRTOS\tasks.o
vTaskGetInfo                                      FreeRTOS\tasks.o
vTaskInternalSetTimeOutState                      FreeRTOS\tasks.o
                                                  FreeRTOS\queue.o
vTaskMissedYield                                  FreeRTOS\tasks.o
                                                  FreeRTOS\queue.o
vTaskPlaceOnEventList                             FreeRTOS\tasks.o
                                                  FreeRTOS\queue.o
vTaskPlaceOnEventListRestricted                   FreeRTOS\tasks.o
                                                  FreeRTOS\queue.o
vTaskPlaceOnUnorderedEventList                    FreeRTOS\tasks.o
                                                  FreeRTOS\event_groups.o
vTaskPriorityDisinheritAfterTimeout               FreeRTOS\tasks.o
                                                  FreeRTOS\queue.o
vTaskPrioritySet                                  FreeRTOS\tasks.o
vTaskRemoveFromUnorderedEventList                 FreeRTOS\tasks.o
                                                  FreeRTOS\event_groups.o
vTaskResume                                       FreeRTOS\tasks.o
vTaskSetTaskNumber                                FreeRTOS\tasks.o
                                                  TraceRecorder\TraceRecorder\trcKernelPort.o
vTaskSetTimeOutState                              FreeRTOS\tasks.o
                                                  FreeRTOS\stream_buffer.o
vTaskStartScheduler                               FreeRTOS\tasks.o
                                                  app\src\main.o
vTaskSuspend                                      FreeRTOS\tasks.o
vTaskSuspendAll                                   FreeRTOS\tasks.o
                                                  FreeRTOS\timers.o
                                                  FreeRTOS\stream_buffer.o
                                                  FreeRTOS\queue.o
                                                  FreeRTOS\portable\MemMang\heap_1.o
                                                  FreeRTOS\event_groups.o
vTaskSwitchContext                                FreeRTOS\tasks.o
                                                  FreeRTOS\portable\GCC\ARM_CM0\port.o
vTimerSetReloadMode                               FreeRTOS\timers.o
vTimerSetTimerID                                  FreeRTOS\timers.o
vTimerSetTimerNumber                              FreeRTOS\timers.o
vTraceClearError                                  TraceRecorder\TraceRecorder\trcStreamingRecorder.o
vTraceEnable                                      TraceRecorder\TraceRecorder\trcKernelPort.o
                                                  app\src\main.o
vTraceInstanceFinishedNext                        TraceRecorder\TraceRecorder\trcStreamingRecorder.o
vTraceInstanceFinishedNow                         TraceRecorder\TraceRecorder\trcStreamingRecorder.o
vTraceSetEventGroupName                           TraceRecorder\TraceRecorder\trcKernelPort.o
vTraceSetFilterGroup                              TraceRecorder\TraceRecorder\trcStreamingRecorder.o
vTraceSetFilterMask                               TraceRecorder\TraceRecorder\trcStreamingRecorder.o
vTraceSetFrequency                                TraceRecorder\TraceRecorder\trcStreamingRecorder.o
vTraceSetMutexName                                TraceRecorder\TraceRecorder\trcKernelPort.o
vTraceSetQueueName                                TraceRecorder\TraceRecorder\trcKernelPort.o
                                                  app\src\main.o
vTraceSetSemaphoreName                            TraceRecorder\TraceRecorder\trcKernelPort.o
                                                  app\src\main.o
vTraceStop                                        TraceRecorder\TraceRecorder\trcStreamingRecorder.o
                                                  TraceRecorder\TraceRecorder\trcKernelPort.o
vTraceStoreISRBegin                               TraceRecorder\TraceRecorder\trcStreamingRecorder.o
vTraceStoreISREnd                                 TraceRecorder\TraceRecorder\trcStreamingRecorder.o
vTraceStoreKernelObjectName                       TraceRecorder\TraceRecorder\trcStreamingRecorder.o
                                                  TraceRecorder\TraceRecorder\trcKernelPort.o
writeToRTT                                        TraceRecorder\TraceRecorder\streamports\Jlink_RTT\trcStreamingPort.o
                                                  TraceRecorder\TraceRecorder\trcStreamingRecorder.o
xActuatorsQueue                                   app\src\main.o
xEventGroupClearBits                              FreeRTOS\event_groups.o
xEventGroupCreate                                 FreeRTOS\event_groups.o
                                                  app\src\main.o
xEventGroupGetBitsFromISR                         FreeRTOS\event_groups.o
xEventGroupSetBits                                FreeRTOS\event_groups.o
                                                  app\src\main.o
xEventGroupSync                                   FreeRTOS\event_groups.o
xEventGroupWaitBits                               FreeRTOS\event_groups.o
                                                  app\src\main.o
xPortGetFreeHeapSize                              FreeRTOS\portable\MemMang\heap_1.o
                                                  app\src\main.o
xPortStartScheduler                               FreeRTOS\portable\GCC\ARM_CM0\port.o
                                                  FreeRTOS\tasks.o
xQueueCreateMutex                                 FreeRTOS\queue.o
xQueueGenericCreate                               FreeRTOS\queue.o
                                                  app\src\main.o
                                                  FreeRTOS\timers.o
xQueueGenericReset                                FreeRTOS\queue.o
xQueueGenericSend                                 FreeRTOS\queue.o
                                                  app\src\main.o
                                                  FreeRTOS\timers.o
xQueueGenericSendFromISR                          FreeRTOS\queue.o
                                                  FreeRTOS\timers.o
xQueueGiveFromISR                                 FreeRTOS\queue.o
                                                  app\src\stm32f0xx_it.o
xQueueIsQueueEmptyFromISR                         FreeRTOS\queue.o
xQueueIsQueueFullFromISR                          FreeRTOS\queue.o
xQueuePeek                                        FreeRTOS\queue.o
xQueuePeekFromISR                                 FreeRTOS\queue.o
xQueueReceive                                     FreeRTOS\queue.o
                                                  app\src\main.o
                                                  FreeRTOS\timers.o
xQueueReceiveFromISR                              FreeRTOS\queue.o
xQueueSemaphoreTake                               FreeRTOS\queue.o
                                                  app\src\main.o
xSem1                                             app\src\main.o
xSem2                                             app\src\main.o
xSem3                                             app\src\main.o
xSem_DMA_TC                                       app\src\main.o
                                                  app\src\stm32f0xx_it.o
xStreamBufferBytesAvailable                       FreeRTOS\stream_buffer.o
xStreamBufferGenericCreate                        FreeRTOS\stream_buffer.o
xStreamBufferIsEmpty                              FreeRTOS\stream_buffer.o
xStreamBufferIsFull                               FreeRTOS\stream_buffer.o
xStreamBufferNextMessageLengthBytes               FreeRTOS\stream_buffer.o
xStreamBufferReceive                              FreeRTOS\stream_buffer.o
xStreamBufferReceiveCompletedFromISR              FreeRTOS\stream_buffer.o
xStreamBufferReceiveFromISR                       FreeRTOS\stream_buffer.o
xStreamBufferReset                                FreeRTOS\stream_buffer.o
xStreamBufferSend                                 FreeRTOS\stream_buffer.o
xStreamBufferSendCompletedFromISR                 FreeRTOS\stream_buffer.o
xStreamBufferSendFromISR                          FreeRTOS\stream_buffer.o
xStreamBufferSetTriggerLevel                      FreeRTOS\stream_buffer.o
xStreamBufferSpacesAvailable                      FreeRTOS\stream_buffer.o
xSubscribeQueue                                   app\src\main.o
xTaskCatchUpTicks                                 FreeRTOS\tasks.o
xTaskCheckForTimeOut                              FreeRTOS\tasks.o
                                                  FreeRTOS\stream_buffer.o
                                                  FreeRTOS\queue.o
xTaskCreate                                       FreeRTOS\tasks.o
                                                  app\src\main.o
                                                  TraceRecorder\TraceRecorder\trcKernelPort.o
                                                  FreeRTOS\timers.o
xTaskGenericNotify                                FreeRTOS\tasks.o
                                                  FreeRTOS\stream_buffer.o
xTaskGenericNotifyFromISR                         FreeRTOS\tasks.o
                                                  FreeRTOS\stream_buffer.o
xTaskGenericNotifyStateClear                      FreeRTOS\tasks.o
                                                  FreeRTOS\stream_buffer.o
xTaskGenericNotifyWait                            FreeRTOS\tasks.o
                                                  FreeRTOS\stream_buffer.o
xTaskGetCurrentTaskHandle                         FreeRTOS\tasks.o
                                                  TraceRecorder\TraceRecorder\trcKernelPort.o
                                                  FreeRTOS\stream_buffer.o
xTaskGetSchedulerState                            FreeRTOS\tasks.o
                                                  TraceRecorder\TraceRecorder\trcKernelPort.o
                                                  FreeRTOS\timers.o
                                                  FreeRTOS\queue.o
                                                  FreeRTOS\event_groups.o
xTaskGetTickCount                                 FreeRTOS\tasks.o
                                                  app\src\main.o
                                                  FreeRTOS\timers.o
xTaskGetTickCountFromISR                          FreeRTOS\tasks.o
xTaskIncrementTick                                FreeRTOS\tasks.o
                                                  FreeRTOS\portable\GCC\ARM_CM0\port.o
xTaskPriorityDisinherit                           FreeRTOS\tasks.o
                                                  FreeRTOS\queue.o
xTaskPriorityInherit                              FreeRTOS\tasks.o
                                                  FreeRTOS\queue.o
xTaskRemoveFromEventList                          FreeRTOS\tasks.o
                                                  FreeRTOS\queue.o
xTaskResumeAll                                    FreeRTOS\tasks.o
                                                  FreeRTOS\timers.o
                                                  FreeRTOS\stream_buffer.o
                                                  FreeRTOS\queue.o
                                                  FreeRTOS\portable\MemMang\heap_1.o
                                                  FreeRTOS\event_groups.o
xTaskResumeFromISR                                FreeRTOS\tasks.o
xTimerCreate                                      FreeRTOS\timers.o
xTimerCreateTimerTask                             FreeRTOS\timers.o
                                                  FreeRTOS\tasks.o
xTimerGenericCommand                              FreeRTOS\timers.o
xTimerGetExpiryTime                               FreeRTOS\timers.o
xTimerGetPeriod                                   FreeRTOS\timers.o
xTimerGetTimerDaemonTaskHandle                    FreeRTOS\timers.o
xTimerIsTimerActive                               FreeRTOS\timers.o
xTraceGetLastError                                TraceRecorder\TraceRecorder\trcStreamingRecorder.o
xTraceIsRecordingEnabled                          TraceRecorder\TraceRecorder\trcStreamingRecorder.o
                                                  TraceRecorder\TraceRecorder\trcKernelPort.o
xTraceSetISRProperties                            TraceRecorder\TraceRecorder\trcStreamingRecorder.o
